(node:86422) [MODULE_TYPELESS_PACKAGE_JSON] Warning: Module type of file://<ticket worktree>/frontend/plan.js is not specified and it doesn't parse as CommonJS.
Reparsing as ES module because module syntax was detected. This incurs a performance overhead.
To eliminate this warning, add "type": "module" to <ticket worktree>/package.json.
(Use `node --trace-warnings ...` to show where the warning was created)
# harmonic-v2-desktop behaviour replay — TARGET=app viewport=1280x720
# FROZEN ledger: mockups/harmonic-v2-desktop.behavior.md
# case-copy S25 case=showcase milliseconds=235.186
# S25 synthetic case=showcase (fresh copy)
PASS S25
# story-time S25 milliseconds=16380.865
# case-copy S149 case=showcase milliseconds=3.552
# S149 synthetic case=showcase (fresh copy)
PASS S149
# story-time S149 milliseconds=12554.209
# case-copy S150 case=pattern-near-tie milliseconds=434.081
# S150 synthetic case=pattern-near-tie (fresh copy)
PASS S150
# story-time S150 milliseconds=8354.714
# case-copy S182 case=pattern-near-tie milliseconds=1.217
# S182 synthetic case=pattern-near-tie (fresh copy)
PASS S182
# story-time S182 milliseconds=7585.164

# executed 4 · failed 0 · deferred 0 · selected 4 · chromium launches 1
