(node:4014) [MODULE_TYPELESS_PACKAGE_JSON] Warning: Module type of file://<ticket worktree>/frontend/plan.js is not specified and it doesn't parse as CommonJS.
Reparsing as ES module because module syntax was detected. This incurs a performance overhead.
To eliminate this warning, add "type": "module" to <ticket worktree>/package.json.
(Use `node --trace-warnings ...` to show where the warning was created)
# harmonic-v2-desktop behaviour replay — TARGET=app viewport=1280x720
# FROZEN ledger: mockups/harmonic-v2-desktop.behavior.md
# case-copy S49 case=c3-trial milliseconds=454.102
# S49 synthetic case=c3-trial (fresh copy)
# case-copy S49 case=c4-missing milliseconds=395.346
# S49 proved synthetic variant=c4-missing
PASS S49
# story-time S49 milliseconds=13181.197
# case-copy S91 case=c3-trial milliseconds=1.539
# S91 synthetic case=c3-trial (fresh copy)
# case-copy S91 case=c4-ic milliseconds=481.812
# S91 proved synthetic variant=c4-ic
# case-copy S91 case=c4-isf milliseconds=660.202
# S91 proved synthetic variant=c4-isf
# case-copy S91 case=c4-profile milliseconds=9219.798
# S91 proved synthetic variant=c4-profile
PASS S91
# story-time S91 milliseconds=39689.481
# case-copy S96 case=c3-history milliseconds=510.142
# S96 synthetic case=c3-history (fresh copy)
PASS S96
# story-time S96 milliseconds=7128.018
# case-copy S105 case=c3-trial milliseconds=1.909
# S105 synthetic case=c3-trial (fresh copy)
PASS S105
# story-time S105 milliseconds=11970.920
# case-copy S110 case=edit-chain milliseconds=197.226
# S110 synthetic case=edit-chain (fresh copy)
PASS S110
# story-time S110 milliseconds=1243.607
# case-copy S111 case=edit-chain milliseconds=1.526
# S111 synthetic case=edit-chain (fresh copy)
PASS S111
# story-time S111 milliseconds=853.489
# case-copy S112 case=edit-chain milliseconds=1.206
# S112 synthetic case=edit-chain (fresh copy)
PASS S112
# story-time S112 milliseconds=939.213
# case-copy S143 case=edit-chain milliseconds=1.151
# S143 synthetic case=edit-chain (fresh copy)
PASS S143
# story-time S143 milliseconds=957.165
# case-copy S157 case=c4-ic milliseconds=1.684
# S157 synthetic case=c4-ic (fresh copy)
PASS S157
# story-time S157 milliseconds=4207.447
# case-copy R18 case=c4-history milliseconds=211.583
# R18 synthetic case=c4-history (fresh copy)
RETIRED R18 — Connor Griffin · 2026-09-08 · "We dont' need historical reads in the app."
PASS R18
# story-time R18 milliseconds=1731.267

# executed 10 · failed 0 · deferred 0 · selected 10 · chromium launches 1
