(node:54475) [MODULE_TYPELESS_PACKAGE_JSON] Warning: Module type of file://<base worktree>/frontend/plan.js is not specified and it doesn't parse as CommonJS.
Reparsing as ES module because module syntax was detected. This incurs a performance overhead.
To eliminate this warning, add "type": "module" to <base worktree>/package.json.
(Use `node --trace-warnings ...` to show where the warning was created)
# harmonic-v2-desktop behaviour replay — TARGET=app viewport=1440x900
# FROZEN ledger: mockups/harmonic-v2-desktop.behavior.md
# case-copy S183 case=basal-verdict-gallery milliseconds=417.275
# S183 synthetic case=basal-verdict-gallery (fresh copy)
FAIL S183 — S183 the glucose overview's text must stay whole, inside the chart and unstruck at every size; 65 failures:
  - 1440×900 Overnight: painted text "60" and "70" overlap by 11.51px × 1.43px
  - 1440×900 Overnight: painted text "180" and "180" overlap by 15.56px × 10.22px
  - 1440×900 Morning: painted text "60" and "70" overlap by 11.51px × 1.43px
  - 1440×900 Morning: painted text "180" and "180" overlap by 15.56px × 10.22px
  - 1440×900 Afternoon: 0 painted captions begin with "AFTERNOON 12:00–18:00"; exactly one must
  - 1440×900 Afternoon: painted text "60" and "70" overlap by 11.51px × 1.43px
  - 1440×900 Afternoon: painted text "180" and "180" overlap by 15.56px × 10.22px
  - 1440×900 Evening: 0 painted captions begin with "EVENING 18:00–24:00"; exactly one must
  - 1440×900 Evening: painted text "60" and "70" overlap by 11.51px × 1.43px
  - 1440×900 Evening: painted text "180" and "180" overlap by 15.56px × 10.22px
  - 1440×900 24 h: painted text "60" and "70" overlap by 11.51px × 1.43px
  - 1440×900 24 h: painted text "180" and "180" overlap by 15.56px × 10.22px
  - 832×720 Evening, narrowed with nothing pressed: 0 painted captions begin with "EVENING 18:00–24:00"; exactly one must
  - 832×720 Evening, narrowed with nothing pressed: painted text "60" and "70" overlap by 11.51px × 2.58px
  - 832×720 Evening, narrowed with nothing pressed: painted text "180" and "180" overlap by 15.56px × 10.22px
  - 832×720 Evening, narrowed with nothing pressed: painted text "180" and "EVENING 18:00–24:00" overlap by 16.56px × 5.04px
  - 832×720 Evening, narrowed with nothing pressed: painted text "180" and "EVENING 18:00–24:00" overlap by 16.56px × 5.04px
  - 832×720 Overnight: caption span "  ·  INSUFFICIENT SAMPLE — thinnest bin holds 0" lies 70.29px outside #chart's 402×153 box
  - 832×720 Overnight: caption span "  ·  INSUFFICIENT SAMPLE — thinnest bin holds 0" reaches 70.29px past #chart's right edge
  - 832×720 Overnight: painted text "60" and "70" overlap by 11.51px × 2.58px
  - 832×720 Overnight: painted text "180" and "180" overlap by 15.56px × 10.22px
  - 832×720 Morning: caption span "  ·  INSUFFICIENT SAMPLE — thinnest bin holds 0" lies 136.91px outside #chart's 402×153 box
  - 832×720 Morning: caption span "  ·  INSUFFICIENT SAMPLE — thinnest bin holds 0" reaches 136.91px past #chart's right edge
  - 832×720 Morning: painted text "60" and "70" overlap by 11.51px × 2.58px
  - 832×720 Morning: painted text "180" and "180" overlap by 15.56px × 10.22px
  - 832×720 Afternoon: 0 painted captions begin with "AFTERNOON 12:00–18:00"; exactly one must
  - 832×720 Afternoon: painted text "60" and "70" overlap by 11.51px × 2.58px
  - 832×720 Afternoon: painted text "180" and "180" overlap by 15.56px × 10.22px
  - 832×720 Afternoon: painted text "180" and "  ·  INSUFFICIENT SAMPLE — thinnest bin holds 0" overlap by 16.56px × 4.79px
  - 832×720 Afternoon: painted text "180" and "  ·  INSUFFICIENT SAMPLE — thinnest bin holds 0" overlap by 16.56px × 4.79px
  - 832×720 Evening: 0 painted captions begin with "EVENING 18:00–24:00"; exactly one must
  - 832×720 Evening: painted text "60" and "70" overlap by 11.51px × 2.58px
  - 832×720 Evening: painted text "180" and "180" overlap by 15.56px × 10.22px
  - 832×720 Evening: painted text "180" and "EVENING 18:00–24:00" overlap by 16.56px × 5.04px
  - 832×720 Evening: painted text "180" and "EVENING 18:00–24:00" overlap by 16.56px × 5.04px
  - 832×720 24 h: caption span "24 H 00:00–24:00" lies 44.14px outside #chart's 402×153 box
  - 832×720 24 h: caption span "  ·  INSUFFICIENT SAMPLE — thinnest bin holds 0" lies 269.38px outside #chart's 402×153 box
  - 832×720 24 h: caption span "24 H 00:00–24:00" reaches 44.14px past #chart's right edge
  - 832×720 24 h: caption span "  ·  INSUFFICIENT SAMPLE — thinnest bin holds 0" reaches 269.38px past #chart's right edge
  - 832×720 24 h: painted text "60" and "70" overlap by 11.51px × 2.58px
  - 832×720 24 h: painted text "180" and "180" overlap by 15.56px × 10.22px
  - 832×560 Overnight: caption span "  ·  INSUFFICIENT SAMPLE — thinnest bin holds 0" lies 70.29px outside #chart's 402×153 box
  - 832×560 Overnight: caption span "  ·  INSUFFICIENT SAMPLE — thinnest bin holds 0" reaches 70.29px past #chart's right edge
  - 832×560 Overnight: painted text "60" and "70" overlap by 11.51px × 2.58px
  - 832×560 Overnight: painted text "180" and "180" overlap by 15.56px × 10.22px
  - 832×560 Morning: caption span "  ·  INSUFFICIENT SAMPLE — thinnest bin holds 0" lies 136.91px outside #chart's 402×153 box
  - 832×560 Morning: caption span "  ·  INSUFFICIENT SAMPLE — thinnest bin holds 0" reaches 136.91px past #chart's right edge
  - 832×560 Morning: painted text "60" and "70" overlap by 11.51px × 2.58px
  - 832×560 Morning: painted text "180" and "180" overlap by 15.56px × 10.22px
  - 832×560 Afternoon: 0 painted captions begin with "AFTERNOON 12:00–18:00"; exactly one must
  - 832×560 Afternoon: painted text "60" and "70" overlap by 11.51px × 2.58px
  - 832×560 Afternoon: painted text "180" and "180" overlap by 15.56px × 10.22px
  - 832×560 Afternoon: painted text "180" and "  ·  INSUFFICIENT SAMPLE — thinnest bin holds 0" overlap by 16.56px × 4.79px
  - 832×560 Afternoon: painted text "180" and "  ·  INSUFFICIENT SAMPLE — thinnest bin holds 0" overlap by 16.56px × 4.79px
  - 832×560 Evening: 0 painted captions begin with "EVENING 18:00–24:00"; exactly one must
  - 832×560 Evening: painted text "60" and "70" overlap by 11.51px × 2.58px
  - 832×560 Evening: painted text "180" and "180" overlap by 15.56px × 10.22px
  - 832×560 Evening: painted text "180" and "EVENING 18:00–24:00" overlap by 16.56px × 5.04px
  - 832×560 Evening: painted text "180" and "EVENING 18:00–24:00" overlap by 16.56px × 5.04px
  - 832×560 24 h: caption span "24 H 00:00–24:00" lies 44.14px outside #chart's 402×153 box
  - 832×560 24 h: caption span "  ·  INSUFFICIENT SAMPLE — thinnest bin holds 0" lies 269.38px outside #chart's 402×153 box
  - 832×560 24 h: caption span "24 H 00:00–24:00" reaches 44.14px past #chart's right edge
  - 832×560 24 h: caption span "  ·  INSUFFICIENT SAMPLE — thinnest bin holds 0" reaches 269.38px past #chart's right edge
  - 832×560 24 h: painted text "60" and "70" overlap by 11.51px × 2.58px
  - 832×560 24 h: painted text "180" and "180" overlap by 15.56px × 10.22px
# story-time S183 milliseconds=4934.202
# case-copy S184 case=basal-verdict-gallery milliseconds=1.554
# S184 synthetic case=basal-verdict-gallery (fresh copy)
FAIL S184 — S184 the Spotlight's verdict line must keep every fact whole inside the chart; 4 failures:
  - 832×720: verdict span "SUPPORTED · 0.70 U/h · (0.70–0.70) · programmed now 0.60" lies 26.86px outside the Spotlight chart's 358×241 box
  - 832×720: verdict span "SUPPORTED · 0.70 U/h · (0.70–0.70) · programmed now 0.60" runs 20px under the Keep control
  - 832×560: verdict span "SUPPORTED · 0.70 U/h · (0.70–0.70) · programmed now 0.60" lies 26.86px outside the Spotlight chart's 358×125 box
  - 832×560: verdict span "SUPPORTED · 0.70 U/h · (0.70–0.70) · programmed now 0.60" runs 20px under the Keep control
# story-time S184 milliseconds=2141.039
# case-copy S185 case=basal-verdict-gallery milliseconds=1.401
# S185 synthetic case=basal-verdict-gallery (fresh copy)
# S185 832×720 title 0px box, clientWidth 0, scrollWidth 144; provenance 255.14px box, clientWidth 255, scrollWidth 255; control 76.86px box, clientWidth 77, scrollWidth 77; word 50.86px box, clientWidth 51, scrollWidth 51
# S185 832×560 title 0px box, clientWidth 0, scrollWidth 144; provenance 255.14px box, clientWidth 255, scrollWidth 255; control 76.86px box, clientWidth 77, scrollWidth 77; word 50.86px box, clientWidth 51, scrollWidth 51
# S185 1024×768 title 143.94px box, clientWidth 144, scrollWidth 144; provenance 255.14px box, clientWidth 255, scrollWidth 255; control 76.86px box, clientWidth 77, scrollWidth 77; word 50.86px box, clientWidth 51, scrollWidth 51
# S185 1440×900 title 143.94px box, clientWidth 144, scrollWidth 144; provenance 255.14px box, clientWidth 255, scrollWidth 255; control 76.86px box, clientWidth 77, scrollWidth 77; word 50.86px box, clientWidth 51, scrollWidth 51
FAIL S185 — S185 the canvas header must keep its title, provenance and All charts control on one line; 6 failures:
  - 832×720: the control lies 3.5px outside the header's box (title 0px box, clientWidth 0, scrollWidth 144; provenance 255.14px box, clientWidth 255, scrollWidth 255; control 76.86px box, clientWidth 77, scrollWidth 77; word 50.86px box, clientWidth 51, scrollWidth 51)
  - 832×720: the title's box is 0px wide, under twice its 11px type, so it cannot show a letter and an ellipsis (title 0px box, clientWidth 0, scrollWidth 144; provenance 255.14px box, clientWidth 255, scrollWidth 255; control 76.86px box, clientWidth 77, scrollWidth 77; word 50.86px box, clientWidth 51, scrollWidth 51)
  - 832×560: the control lies 3.5px outside the header's box (title 0px box, clientWidth 0, scrollWidth 144; provenance 255.14px box, clientWidth 255, scrollWidth 255; control 76.86px box, clientWidth 77, scrollWidth 77; word 50.86px box, clientWidth 51, scrollWidth 51)
  - 832×560: the title's box is 0px wide, under twice its 11px type, so it cannot show a letter and an ellipsis (title 0px box, clientWidth 0, scrollWidth 144; provenance 255.14px box, clientWidth 255, scrollWidth 255; control 76.86px box, clientWidth 77, scrollWidth 77; word 50.86px box, clientWidth 51, scrollWidth 51)
  - 1024×768: the control lies 3.5px outside the header's box (title 143.94px box, clientWidth 144, scrollWidth 144; provenance 255.14px box, clientWidth 255, scrollWidth 255; control 76.86px box, clientWidth 77, scrollWidth 77; word 50.86px box, clientWidth 51, scrollWidth 51)
  - 1440×900: the control lies 3.5px outside the header's box (title 143.94px box, clientWidth 144, scrollWidth 144; provenance 255.14px box, clientWidth 255, scrollWidth 255; control 76.86px box, clientWidth 77, scrollWidth 77; word 50.86px box, clientWidth 51, scrollWidth 51)
# story-time S185 milliseconds=2054.432

# executed 0 · failed 3 · deferred 0 · selected 3 · chromium launches 1
FATAL: zero stories executed — a run that asserts nothing is a failure, not a pass
