(node:55188) [MODULE_TYPELESS_PACKAGE_JSON] Warning: Module type of file://<ticket worktree>/frontend/plan.js is not specified and it doesn't parse as CommonJS.
Reparsing as ES module because module syntax was detected. This incurs a performance overhead.
To eliminate this warning, add "type": "module" to <ticket worktree>/package.json.
(Use `node --trace-warnings ...` to show where the warning was created)
# harmonic-v2-desktop behaviour replay — TARGET=app viewport=1440x900
# FROZEN ledger: mockups/harmonic-v2-desktop.behavior.md
# case-copy S183 case=basal-verdict-gallery milliseconds=409.257
# S183 synthetic case=basal-verdict-gallery (fresh copy)
FAIL S183 — S183 the glucose overview's text must stay whole, inside the chart and unstruck at every size; 2 failures:
  - 1440×900 Afternoon: 0 painted captions begin with "AFTERNOON 12:00–18:00"; exactly one must
  - 1440×900 Evening: 0 painted captions begin with "EVENING 18:00–24:00"; exactly one must
# story-time S183 milliseconds=4339.548
# case-copy S184 case=basal-verdict-gallery milliseconds=1.603
# S184 synthetic case=basal-verdict-gallery (fresh copy)
PASS S184
# story-time S184 milliseconds=2100.576
# case-copy S185 case=basal-verdict-gallery milliseconds=2.424
# S185 synthetic case=basal-verdict-gallery (fresh copy)
# S185 832×720 title 41.86px box, clientWidth 42, scrollWidth 144; provenance 255.14px box, clientWidth 255, scrollWidth 255; control 21px box, clientWidth 21, scrollWidth 21; word 0px box, clientWidth 0, scrollWidth 0
# S185 832×560 title 41.86px box, clientWidth 42, scrollWidth 144; provenance 255.14px box, clientWidth 255, scrollWidth 255; control 21px box, clientWidth 21, scrollWidth 21; word 0px box, clientWidth 0, scrollWidth 0
# S185 1024×768 title 143.94px box, clientWidth 144, scrollWidth 144; provenance 255.14px box, clientWidth 255, scrollWidth 255; control 76.86px box, clientWidth 77, scrollWidth 77; word 50.86px box, clientWidth 51, scrollWidth 51
# S185 1440×900 title 143.94px box, clientWidth 144, scrollWidth 144; provenance 255.14px box, clientWidth 255, scrollWidth 255; control 76.86px box, clientWidth 77, scrollWidth 77; word 50.86px box, clientWidth 51, scrollWidth 51
FAIL S185 — S185 the canvas header must keep its title, provenance and All charts control on one line; 4 failures:
  - 832×720: the control lies 3.5px outside the header's box (title 41.86px box, clientWidth 42, scrollWidth 144; provenance 255.14px box, clientWidth 255, scrollWidth 255; control 21px box, clientWidth 21, scrollWidth 21; word 0px box, clientWidth 0, scrollWidth 0)
  - 832×560: the control lies 3.5px outside the header's box (title 41.86px box, clientWidth 42, scrollWidth 144; provenance 255.14px box, clientWidth 255, scrollWidth 255; control 21px box, clientWidth 21, scrollWidth 21; word 0px box, clientWidth 0, scrollWidth 0)
  - 1024×768: the control lies 3.5px outside the header's box (title 143.94px box, clientWidth 144, scrollWidth 144; provenance 255.14px box, clientWidth 255, scrollWidth 255; control 76.86px box, clientWidth 77, scrollWidth 77; word 50.86px box, clientWidth 51, scrollWidth 51)
  - 1440×900: the control lies 3.5px outside the header's box (title 143.94px box, clientWidth 144, scrollWidth 144; provenance 255.14px box, clientWidth 255, scrollWidth 255; control 76.86px box, clientWidth 77, scrollWidth 77; word 50.86px box, clientWidth 51, scrollWidth 51)
# story-time S185 milliseconds=2015.279

# executed 1 · failed 2 · deferred 0 · selected 3 · chromium launches 1
