(node:97542) [MODULE_TYPELESS_PACKAGE_JSON] Warning: Module type of file://<base worktree>/frontend/plan.js is not specified and it doesn't parse as CommonJS.
Reparsing as ES module because module syntax was detected. This incurs a performance overhead.
To eliminate this warning, add "type": "module" to <base worktree>/package.json.
(Use `node --trace-warnings ...` to show where the warning was created)
# harmonic-v2-desktop behaviour replay — TARGET=app viewport=1440x900
# FROZEN ledger: mockups/harmonic-v2-desktop.behavior.md
# case-copy S166 case=basal-lower milliseconds=491.226
# S166 synthetic case=basal-lower (fresh copy)
FAIL S166 — Timed out after 30000 ms: S166 the Plan's own Stage keeps the Plan; saw [ 'http://127.0.0.1:8765/changes' ]; S166 Stage in the Plan's own frame must keep the Plan's address
+ actual - expected

  [
    'changes',
+   undefined
-   'plan'
  ]

# story-time S166 milliseconds=33121.377
# case-copy S167 case=basal-lower milliseconds=2.727
# S167 synthetic case=basal-lower (fresh copy)
FAIL S167 — Timed out after 30000 ms: S167 the Trial offers its draft; saw [ [ 'inspect', 'history', '' ] ]; S167 the Trial's nameplate must offer Open Plan beside View change record

'' !== 'open-plan'

# story-time S167 milliseconds=34709.740
# case-copy S168 case=c3-focus milliseconds=872.361
# S168 synthetic case=c3-focus (fresh copy)
FAIL S168 — Timed out after 30000 ms: S168 Diagnose names the Focus in its return; saw [ [ 'Return to Trial' ] ]; S168 Diagnose opened from the watched Focus must offer "Return to Focus" and no "Return to Trial"
+ actual - expected

  [
+   'Return to Trial'
-   'Return to Focus'
  ]

# story-time S168 milliseconds=34302.303

# executed 0 · failed 3 · deferred 0 · selected 3 · chromium launches 1
FATAL: zero stories executed — a run that asserts nothing is a failure, not a pass
