(node:91432) [MODULE_TYPELESS_PACKAGE_JSON] Warning: Module type of file://<ticket worktree>/frontend/plan.js is not specified and it doesn't parse as CommonJS.
Reparsing as ES module because module syntax was detected. This incurs a performance overhead.
To eliminate this warning, add "type": "module" to <ticket worktree>/package.json.
(Use `node --trace-warnings ...` to show where the warning was created)
# harmonic-v2-desktop behaviour replay — TARGET=app viewport=1440x900
# FROZEN ledger: mockups/harmonic-v2-desktop.behavior.md
# case-copy S38 case=basal-lower milliseconds=542.284
# S38 synthetic case=basal-lower (fresh copy)
PASS S38
# story-time S38 milliseconds=2390.991
# case-copy S39 case=basal-lower milliseconds=1.480
# S39 synthetic case=basal-lower (fresh copy)
PASS S39
# story-time S39 milliseconds=1638.930
# case-copy S45 case=c3-trial milliseconds=768.979
# S45 synthetic case=c3-trial (fresh copy)
PASS S45
# story-time S45 milliseconds=11415.366
# case-copy S45b case=c3-trial milliseconds=2.315
# S45b synthetic case=c3-trial (fresh copy)
PASS S45b
# story-time S45b milliseconds=15952.098
# case-copy S56 case=c3-pin milliseconds=665.393
# S56 synthetic case=c3-pin (fresh copy)
PASS S56
# story-time S56 milliseconds=10613.717
# case-copy S57 case=c3-focus milliseconds=553.344
# S57 synthetic case=c3-focus (fresh copy)
PASS S57
# story-time S57 milliseconds=4917.411
# case-copy S90 case=basal-lower milliseconds=2.756
# S90 synthetic case=basal-lower (fresh copy)
PASS S90
# story-time S90 milliseconds=1897.466
# case-copy S139 case=c3-trial milliseconds=2.899
# S139 synthetic case=c3-trial (fresh copy)
PASS S139
# story-time S139 milliseconds=14106.293
# case-copy S140 case=c3-focus milliseconds=32.068
# S140 synthetic case=c3-focus (fresh copy)
PASS S140
# story-time S140 milliseconds=4647.454
# case-copy S166 case=basal-lower milliseconds=3.553
# S166 synthetic case=basal-lower (fresh copy)
PASS S166
# story-time S166 milliseconds=6217.425
# case-copy S167 case=basal-lower milliseconds=1.885
# S167 synthetic case=basal-lower (fresh copy)
PASS S167
# story-time S167 milliseconds=4194.999
# case-copy S168 case=c3-focus milliseconds=2.524
# S168 synthetic case=c3-focus (fresh copy)
PASS S168
# story-time S168 milliseconds=3353.019

# executed 12 · failed 0 · deferred 0 · selected 12 · chromium launches 1
