(node:4154) [MODULE_TYPELESS_PACKAGE_JSON] Warning: Module type of file://<ticket worktree>/frontend/plan.js is not specified and it doesn't parse as CommonJS.
Reparsing as ES module because module syntax was detected. This incurs a performance overhead.
To eliminate this warning, add "type": "module" to <ticket worktree>/package.json.
(Use `node --trace-warnings ...` to show where the warning was created)
# harmonic-v2-desktop behaviour replay — TARGET=app viewport=1440x900
# FROZEN ledger: mockups/harmonic-v2-desktop.behavior.md
# case-copy S38 case=basal-lower milliseconds=496.485
# S38 synthetic case=basal-lower (fresh copy)
PASS S38
# story-time S38 milliseconds=2788.793
# case-copy S39 case=basal-lower milliseconds=1.766
# S39 synthetic case=basal-lower (fresh copy)
PASS S39
# story-time S39 milliseconds=2233.056
# case-copy S45 case=c3-trial milliseconds=922.847
# S45 synthetic case=c3-trial (fresh copy)
PASS S45
# story-time S45 milliseconds=18930.042
# case-copy S45b case=c3-trial milliseconds=14.751
# S45b synthetic case=c3-trial (fresh copy)
PASS S45b
# story-time S45b milliseconds=20696.479
# case-copy S56 case=c3-pin milliseconds=683.344
# S56 synthetic case=c3-pin (fresh copy)
PASS S56
# story-time S56 milliseconds=12449.463
# case-copy S57 case=c3-focus milliseconds=594.969
# S57 synthetic case=c3-focus (fresh copy)
PASS S57
# story-time S57 milliseconds=4947.917
# case-copy S90 case=basal-lower milliseconds=2.713
# S90 synthetic case=basal-lower (fresh copy)
PASS S90
# story-time S90 milliseconds=2119.267
# case-copy S139 case=c3-trial milliseconds=3.312
# S139 synthetic case=c3-trial (fresh copy)
PASS S139
# story-time S139 milliseconds=16701.597
# case-copy S140 case=c3-focus milliseconds=1.846
# S140 synthetic case=c3-focus (fresh copy)
PASS S140
# story-time S140 milliseconds=5361.396
# case-copy S166 case=basal-lower milliseconds=5.129
# S166 synthetic case=basal-lower (fresh copy)
PASS S166
# story-time S166 milliseconds=7208.412
# case-copy S167 case=basal-lower milliseconds=2.163
# S167 synthetic case=basal-lower (fresh copy)
PASS S167
# story-time S167 milliseconds=5488.616
# case-copy S168 case=c3-focus milliseconds=3.068
# S168 synthetic case=c3-focus (fresh copy)
PASS S168
# story-time S168 milliseconds=3619.818

# executed 12 · failed 0 · deferred 0 · selected 12 · chromium launches 1
