(node:63113) [MODULE_TYPELESS_PACKAGE_JSON] Warning: Module type of file://<ticket worktree>/frontend/browser-fixture-population.js is not specified and it doesn't parse as CommonJS.
Reparsing as ES module because module syntax was detected. This incurs a performance overhead.
To eliminate this warning, add "type": "module" to <ticket worktree>/package.json.
(Use `node --trace-warnings ...` to show where the warning was created)
✔ the desk opens on Diagnose behind its persistent chrome (792.894833ms)
Expanded High-carb widths [{"available":405,"required":269,"text":"Highest-carb fifth0% in range · SD 0 mg/dLn 8","textWidths":[96.1875,139.46875,17.34375],"tops":[282.78125,282.78125,282.78125]},{"available":405,"required":288.265625,"text":"Other sequences100% in range · SD 0 mg/dLn 32","textWidths":[93.09375,154.375,24.796875],"tops":[307.171875,307.171875,307.171875]},{"available":405,"required":283.90625,"text":"Highest-carb fifth98% in range · SD 23 mg/dLn 8","textWidths":[96.1875,154.375,17.34375],"tops":[358.5625,358.5625,358.5625]},{"available":405,"required":288.265625,"text":"Other sequences100% in range · SD 0 mg/dLn 32","textWidths":[93.09375,154.375,24.796875],"tops":[382.953125,382.953125,382.953125]},{"available":405,"required":283.90625,"text":"Highest-carb fifth99% in range · SD 19 mg/dLn 8","textWidths":[96.1875,154.375,17.34375],"tops":[434.34375,434.34375,434.34375]},{"available":405,"required":288.265625,"text":"Other sequences100% in range · SD 0 mg/dLn 32","textWidths":[93.09375,154.375,24.796875],"tops":[458.734375,458.734375,458.734375]}]
Compact High-carb during: selected rows ["Highest-carb fifth 0% in range n 8","Other sequences 100% in range n 32"]; height 55.78125; all 3 periods verified
Selected singleton stage {"data":[[0,270]],"painted":[{"width":7,"height":7,"opacity":1}]}
Selected singleton fullscreen {"data":[[0,270]],"painted":[{"width":7,"height":7,"opacity":1}]}
✔ v2 Diagnose renders the generated High-carb response and its selected trace (2106.165917ms)
Expanded High-carb widths [{"available":405,"required":283.90625,"text":"Highest-carb fifth100% in range · SD 0 mg/dLn 8","textWidths":[96.1875,154.375,17.34375],"tops":[282.78125,282.78125,282.78125]},{"available":405,"required":288.265625,"text":"Other sequences100% in range · SD 0 mg/dLn 32","textWidths":[93.09375,154.375,24.796875],"tops":[307.171875,307.171875,307.171875]},{"available":405,"required":283.90625,"text":"Highest-carb fifth100% in range · SD 0 mg/dLn 8","textWidths":[96.1875,154.375,17.34375],"tops":[358.5625,358.5625,358.5625]},{"available":405,"required":288.265625,"text":"Other sequences100% in range · SD 0 mg/dLn 32","textWidths":[93.09375,154.375,24.796875],"tops":[382.953125,382.953125,382.953125]},{"available":405,"required":283.90625,"text":"Highest-carb fifth93% in range · SD 41 mg/dLn 8","textWidths":[96.1875,154.375,17.34375],"tops":[434.34375,434.34375,434.34375]},{"available":405,"required":288.265625,"text":"Other sequences100% in range · SD 0 mg/dLn 32","textWidths":[93.09375,154.375,24.796875],"tops":[458.734375,458.734375,458.734375]}]
Compact High-carb comparison: selected rows ["Highest-carb fifth 93% in range n 8","Other sequences 100% in range n 32"]; height 55.78125; all 3 periods verified
High-carb anchor geometry {"width":806,"labels":[{"text":"End of eating","x":4.5322265625,"y":153,"width":58.935546875,"height":10.220001220703125},{"text":"sequence","x":12.3154296875,"y":163.22000122070312,"width":43.369140625,"height":10.220001220703125},{"text":"+1 h","x":147.12939453125,"y":153,"width":19.7412109375,"height":10.220001220703125},{"text":"+2 h","x":270.12939453125,"y":153,"width":19.7412109375,"height":10.220001220703125},{"text":"+3 h","x":393.12939453125,"y":153,"width":19.7412109375,"height":10.220001220703125},{"text":"+4 h","x":516.12939453125,"y":153,"width":19.7412109375,"height":10.220001220703125},{"text":"+5 h","x":639.12939453125,"y":153,"width":19.7412109375,"height":10.220001220703125},{"text":"+6 h","x":762.12939453125,"y":153,"width":19.7412109375,"height":10.220001220703125}]}
High-carb readout geometry {"box":{"x":44,"y":98,"width":762,"height":31.890625,"top":98,"right":806,"bottom":129.890625,"left":44},"items":[{"text":"End of eating sequence","box":{"x":44,"y":106.9375,"width":164.234375,"height":14,"top":106.9375,"right":208.234375,"bottom":120.9375,"left":44}},{"text":"Highest-carb fifth110 · n8","box":{"x":222.234375,"y":106.9375,"width":198.84375,"height":14,"top":106.9375,"right":421.078125,"bottom":120.9375,"left":222.234375}},{"text":"Other sequences110 · n32","box":{"x":435.078125,"y":106.9375,"width":183.578125,"height":14,"top":106.9375,"right":618.65625,"bottom":120.9375,"left":435.078125}}],"time":"End of eating sequence","pairs":[{"name":"Highest-carb fifth","value":"110 · n8"},{"name":"Other sequences","value":"110 · n32"}]}
High-carb readout geometry {"box":{"x":44,"y":98,"width":762,"height":31.890625,"top":98,"right":806,"bottom":129.890625,"left":44},"items":[{"text":"+5 h 30 min","box":{"x":44,"y":106.9375,"width":82.125,"height":14,"top":106.9375,"right":126.125,"bottom":120.9375,"left":44}},{"text":"Highest-carb fifth270 · n8","box":{"x":140.125,"y":106.9375,"width":198.84375,"height":14,"top":106.9375,"right":338.96875,"bottom":120.9375,"left":140.125}},{"text":"Other sequences110 · n32","box":{"x":352.96875,"y":106.9375,"width":183.578125,"height":14,"top":106.9375,"right":536.546875,"bottom":120.9375,"left":352.96875}}],"time":"+5 h 30 min","pairs":[{"name":"Highest-carb fifth","value":"270 · n8"},{"name":"Other sequences","value":"110 · n32"}]}
High-carb stage pointer {"x":720.4999999999999,"y":170.2997159090909,"minute":330,"cohorts":[{"name":"Highest-carb fifth","point":{"median":270,"minute":330,"n":8,"p25":270,"p75":270,"support":"supported"}},{"name":"Other sequences","point":{"median":110,"minute":330,"n":32,"p25":110,"p75":110,"support":"supported"}}]}
High-carb anchor geometry {"width":1256,"labels":[{"text":"End of eating","x":4.5322265625,"y":430,"width":58.935546875,"height":10.220001220703125},{"text":"sequence","x":12.3154296875,"y":440.2200012207031,"width":43.369140625,"height":10.220001220703125},{"text":"+1 h","x":222.12939453125,"y":430,"width":19.7412109375,"height":10.220001220703125},{"text":"+2 h","x":420.12939453125,"y":430,"width":19.7412109375,"height":10.220001220703125},{"text":"+3 h","x":618.12939453125,"y":430,"width":19.7412109375,"height":10.220001220703125},{"text":"+4 h","x":816.12939453125,"y":430,"width":19.7412109375,"height":10.220001220703125},{"text":"+5 h","x":1014.12939453125,"y":430,"width":19.7412109375,"height":10.220001220703125},{"text":"+6 h","x":1212.12939453125,"y":430,"width":19.7412109375,"height":10.220001220703125}]}
High-carb readout geometry {"box":{"x":34,"y":87.5,"width":1111.59375,"height":14,"top":87.5,"right":1145.59375,"bottom":101.5,"left":34},"items":[{"text":"End of eating sequence","box":{"x":34,"y":87.5,"width":164.234375,"height":14,"top":87.5,"right":198.234375,"bottom":101.5,"left":34}},{"text":"Highest-carb fifth110 · n8","box":{"x":212.234375,"y":87.5,"width":198.84375,"height":14,"top":87.5,"right":411.078125,"bottom":101.5,"left":212.234375}},{"text":"Other sequences110 · n32","box":{"x":425.078125,"y":87.5,"width":183.578125,"height":14,"top":87.5,"right":608.65625,"bottom":101.5,"left":425.078125}}],"time":"End of eating sequence","pairs":[{"name":"Highest-carb fifth","value":"110 · n8"},{"name":"Other sequences","value":"110 · n32"}]}
High-carb readout geometry {"box":{"x":34,"y":87.5,"width":1111.59375,"height":14,"top":87.5,"right":1145.59375,"bottom":101.5,"left":34},"items":[{"text":"+5 h 30 min","box":{"x":34,"y":87.5,"width":82.125,"height":14,"top":87.5,"right":116.125,"bottom":101.5,"left":34}},{"text":"Highest-carb fifth270 · n8","box":{"x":130.125,"y":87.5,"width":198.84375,"height":14,"top":87.5,"right":328.96875,"bottom":101.5,"left":130.125}},{"text":"Other sequences110 · n32","box":{"x":342.96875,"y":87.5,"width":183.578125,"height":14,"top":87.5,"right":526.546875,"bottom":101.5,"left":342.96875}}],"time":"+5 h 30 min","pairs":[{"name":"Highest-carb fifth","value":"270 · n8"},{"name":"Other sequences","value":"110 · n32"}]}
High-carb fullscreen pointer {"x":1123,"y":154,"minute":330,"cohorts":[{"name":"Highest-carb fifth","point":{"median":270,"minute":330,"n":8,"p25":270,"p75":270,"support":"supported"}},{"name":"Other sequences","point":{"median":110,"minute":330,"n":32,"p25":110,"p75":110,"support":"supported"}}]}
High-carb anchor geometry {"width":806,"labels":[{"text":"End of eating","x":4.5322265625,"y":153,"width":58.935546875,"height":10.220001220703125},{"text":"sequence","x":12.3154296875,"y":163.22000122070312,"width":43.369140625,"height":10.220001220703125},{"text":"+1 h","x":147.12939453125,"y":153,"width":19.7412109375,"height":10.220001220703125},{"text":"+2 h","x":270.12939453125,"y":153,"width":19.7412109375,"height":10.220001220703125},{"text":"+3 h","x":393.12939453125,"y":153,"width":19.7412109375,"height":10.220001220703125},{"text":"+4 h","x":516.12939453125,"y":153,"width":19.7412109375,"height":10.220001220703125},{"text":"+5 h","x":639.12939453125,"y":153,"width":19.7412109375,"height":10.220001220703125},{"text":"+6 h","x":762.12939453125,"y":153,"width":19.7412109375,"height":10.220001220703125}]}
High-carb readout geometry {"box":{"x":44,"y":98,"width":762,"height":31.890625,"top":98,"right":806,"bottom":129.890625,"left":44},"items":[{"text":"End of eating sequence","box":{"x":44,"y":106.9375,"width":164.234375,"height":14,"top":106.9375,"right":208.234375,"bottom":120.9375,"left":44}},{"text":"Highest-carb fifth110 · n8","box":{"x":222.234375,"y":106.9375,"width":198.84375,"height":14,"top":106.9375,"right":421.078125,"bottom":120.9375,"left":222.234375}},{"text":"Other sequences110 · n32","box":{"x":435.078125,"y":106.9375,"width":183.578125,"height":14,"top":106.9375,"right":618.65625,"bottom":120.9375,"left":435.078125}}],"time":"End of eating sequence","pairs":[{"name":"Highest-carb fifth","value":"110 · n8"},{"name":"Other sequences","value":"110 · n32"}]}
High-carb readout geometry {"box":{"x":44,"y":98,"width":762,"height":31.890625,"top":98,"right":806,"bottom":129.890625,"left":44},"items":[{"text":"+5 h 30 min","box":{"x":44,"y":106.9375,"width":82.125,"height":14,"top":106.9375,"right":126.125,"bottom":120.9375,"left":44}},{"text":"Highest-carb fifth270 · n8","box":{"x":140.125,"y":106.9375,"width":198.84375,"height":14,"top":106.9375,"right":338.96875,"bottom":120.9375,"left":140.125}},{"text":"Other sequences110 · n32","box":{"x":352.96875,"y":106.9375,"width":183.578125,"height":14,"top":106.9375,"right":536.546875,"bottom":120.9375,"left":352.96875}}],"time":"+5 h 30 min","pairs":[{"name":"Highest-carb fifth","value":"270 · n8"},{"name":"Other sequences","value":"110 · n32"}]}
High-carb stage pointer {"x":720.4999999999999,"y":170.2997159090909,"minute":330,"cohorts":[{"name":"Highest-carb fifth","point":{"median":270,"minute":330,"n":8,"p25":270,"p75":270,"support":"supported"}},{"name":"Other sequences","point":{"median":110,"minute":330,"n":32,"p25":110,"p75":110,"support":"supported"}}]}
High-carb anchor geometry {"width":1256,"labels":[{"text":"End of eating","x":4.5322265625,"y":430,"width":58.935546875,"height":10.220001220703125},{"text":"sequence","x":12.3154296875,"y":440.2200012207031,"width":43.369140625,"height":10.220001220703125},{"text":"+1 h","x":222.12939453125,"y":430,"width":19.7412109375,"height":10.220001220703125},{"text":"+2 h","x":420.12939453125,"y":430,"width":19.7412109375,"height":10.220001220703125},{"text":"+3 h","x":618.12939453125,"y":430,"width":19.7412109375,"height":10.220001220703125},{"text":"+4 h","x":816.12939453125,"y":430,"width":19.7412109375,"height":10.220001220703125},{"text":"+5 h","x":1014.12939453125,"y":430,"width":19.7412109375,"height":10.220001220703125},{"text":"+6 h","x":1212.12939453125,"y":430,"width":19.7412109375,"height":10.220001220703125}]}
High-carb readout geometry {"box":{"x":34,"y":87.5,"width":1111.59375,"height":14,"top":87.5,"right":1145.59375,"bottom":101.5,"left":34},"items":[{"text":"End of eating sequence","box":{"x":34,"y":87.5,"width":164.234375,"height":14,"top":87.5,"right":198.234375,"bottom":101.5,"left":34}},{"text":"Highest-carb fifth110 · n8","box":{"x":212.234375,"y":87.5,"width":198.84375,"height":14,"top":87.5,"right":411.078125,"bottom":101.5,"left":212.234375}},{"text":"Other sequences110 · n32","box":{"x":425.078125,"y":87.5,"width":183.578125,"height":14,"top":87.5,"right":608.65625,"bottom":101.5,"left":425.078125}}],"time":"End of eating sequence","pairs":[{"name":"Highest-carb fifth","value":"110 · n8"},{"name":"Other sequences","value":"110 · n32"}]}
High-carb readout geometry {"box":{"x":34,"y":87.5,"width":1111.59375,"height":14,"top":87.5,"right":1145.59375,"bottom":101.5,"left":34},"items":[{"text":"+5 h 30 min","box":{"x":34,"y":87.5,"width":82.125,"height":14,"top":87.5,"right":116.125,"bottom":101.5,"left":34}},{"text":"Highest-carb fifth270 · n8","box":{"x":130.125,"y":87.5,"width":198.84375,"height":14,"top":87.5,"right":328.96875,"bottom":101.5,"left":130.125}},{"text":"Other sequences110 · n32","box":{"x":342.96875,"y":87.5,"width":183.578125,"height":14,"top":87.5,"right":526.546875,"bottom":101.5,"left":342.96875}}],"time":"+5 h 30 min","pairs":[{"name":"Highest-carb fifth","value":"270 · n8"},{"name":"Other sequences","value":"110 · n32"}]}
High-carb fullscreen pointer {"x":1123,"y":154,"minute":330,"cohorts":[{"name":"Highest-carb fifth","point":{"median":270,"minute":330,"n":8,"p25":270,"p75":270,"support":"supported"}},{"name":"Other sequences","point":{"median":110,"minute":330,"n":32,"p25":110,"p75":110,"support":"supported"}}]}
✔ v2 High-carb scoped population, roster selections and fullscreen retain public evidence (3364.000458ms)
✔ a failed Focus read keeps a short visible Retry beside its explanation at 1280x720 (867.826875ms)
✔ a failed Focus read keeps a short visible Retry beside its explanation at 1440x900 (890.369958ms)
✔ a pending Plan shows in the watch panel with Open Changes and leaves no note in the case-file header at 1280x720 (935.605458ms)
✔ a pending Plan shows in the watch panel with Open Changes and leaves no note in the case-file header at 1440x900 (951.062666ms)
✔ Filter matches Window while resting, expanded, and Findings-loading at 1280x720 (739.368792ms)
✔ Filter matches Window while resting, expanded, and Findings-loading at 1440x900 (739.913125ms)
✔ an unrouted Focus withholding is status text with its served reason, never a dead-end button at 1280x720 (926.251625ms)
✔ an unrouted Focus withholding is status text with its served reason, never a dead-end button at 1440x900 (916.231417ms)
✔ a grouped comparison owns its cohort label once at 1280x720 (944.680917ms)
✔ a grouped comparison owns its cohort label once at 1440x900 (919.536792ms)
✔ an expired Trial distinguishes its Later conclusion input from the immutable ending at 1280x720 (317.377083ms)
✔ an expired Trial distinguishes its Later conclusion input from the immutable ending at 1440x900 (325.346541ms)
✔ the chrome holds still across every destination, and one is current at a time (1260.983083ms)
✔ the shell rows and scroll containment hold at 1280x720 (600.1825ms)
✔ the shell rows and scroll containment hold at 1440x900 (606.321625ms)
✔ Day owns its chronology, its week ribbon, its month and the Episode Log (1885.964083ms)
✔ paging the Month calendar keeps the served recorded-day count, and each month counts its own days once (1130.843833ms)
✔ a retained Day frame visibly marks its own loading work without unmounting the reading context at 1280x720 (483.892667ms)
✔ a retained Day frame visibly marks its own loading work without unmounting the reading context at 1440x900 (544.577792ms)
✔ a canonical Day address reloads through the built shell and returns through its canonical Diagnose door (844.726875ms)
✔ after a Day return, acting inside Diagnose re-addresses it in place, and its Findings address reloads with no case open (1437.343291ms)
✔ a key pressed on Day leaves the parked Diagnose as it was, and the Day return keeps it with no guidance re-read (1935.980625ms)
✔ press waits for a Day return control that renders late, and names an absent or hidden control (1873.398166ms)
✔ a utility takes the reading pane's seat, marks its launcher, and gives focus back on Close (901.786334ms)
✔ Escape leaves a utility from inside its own field, and steps a Guide article back first (1982.603208ms)
✔ a utility's own Day entry keeps the utility open and returns into it (1597.012125ms)
✔ repeated entry and exit leaves no duplicate chart, pane or utility behind (3854.233209ms)
✔ c2 carries one Findings composition, Patterns and all basal slots at 1280x720 (2326.494958ms)
✔ c2 carries one Findings composition, Patterns and all basal slots at 1440x900 (2149.504875ms)
✔ thin basal focal survives repeated paints while its evidence is pending (1042.724042ms)
✔ shared tile resolved after v2 teardown cannot repaint removed hosts (929.928208ms)
✔ shared tile rejected after v2 teardown cannot repaint removed hosts (951.424625ms)
✔ v2 High-carb response missing preserves the existing recovery boundary (1122.512625ms)
✔ v2 High-carb response malformed preserves the existing recovery boundary (1109.284583ms)
✔ v2 High-carb response inconsistent preserves the existing recovery boundary (1121.288833ms)
✔ v2 High-carb response stale-recover preserves the existing recovery boundary (840.823583ms)
✔ v2 High-carb response stale-error preserves the existing recovery boundary (1066.343625ms)
High-carb anchor geometry {"width":601,"labels":[{"text":"End of eating","x":4.5322265625,"y":178,"width":58.935546875,"height":10.220001220703125},{"text":"sequence","x":12.3154296875,"y":188.22000122070312,"width":43.369140625,"height":10.220001220703125},{"text":"+1 h","x":112.96272786458333,"y":178,"width":19.7412109375,"height":10.220001220703125},{"text":"+2 h","x":201.79606119791666,"y":178,"width":19.7412109375,"height":10.220001220703125},{"text":"+3 h","x":290.62939453125,"y":178,"width":19.7412109375,"height":10.220001220703125},{"text":"+4 h","x":379.4627278645833,"y":178,"width":19.7412109375,"height":10.220001220703125},{"text":"+5 h","x":468.2960611979167,"y":178,"width":19.7412109375,"height":10.220001220703125},{"text":"+6 h","x":557.12939453125,"y":178,"width":19.7412109375,"height":10.220001220703125}]}
High-carb anchor geometry {"width":806,"labels":[{"text":"End of eating","x":4.5322265625,"y":205,"width":58.935546875,"height":10.220001220703125},{"text":"sequence","x":12.3154296875,"y":215.22000122070312,"width":43.369140625,"height":10.220001220703125},{"text":"+1 h","x":147.12939453125,"y":205,"width":19.7412109375,"height":10.220001220703125},{"text":"+2 h","x":270.12939453125,"y":205,"width":19.7412109375,"height":10.220001220703125},{"text":"+3 h","x":393.12939453125,"y":205,"width":19.7412109375,"height":10.220001220703125},{"text":"+4 h","x":516.12939453125,"y":205,"width":19.7412109375,"height":10.220001220703125},{"text":"+5 h","x":639.12939453125,"y":205,"width":19.7412109375,"height":10.220001220703125},{"text":"+6 h","x":762.12939453125,"y":205,"width":19.7412109375,"height":10.220001220703125}]}
High-carb anchor geometry {"width":806,"labels":[{"text":"End of eating","x":4.5322265625,"y":205,"width":58.935546875,"height":10.220001220703125},{"text":"sequence","x":12.3154296875,"y":215.22000122070312,"width":43.369140625,"height":10.220001220703125},{"text":"+1 h","x":147.12939453125,"y":205,"width":19.7412109375,"height":10.220001220703125},{"text":"+2 h","x":270.12939453125,"y":205,"width":19.7412109375,"height":10.220001220703125},{"text":"+3 h","x":393.12939453125,"y":205,"width":19.7412109375,"height":10.220001220703125},{"text":"+4 h","x":516.12939453125,"y":205,"width":19.7412109375,"height":10.220001220703125},{"text":"+5 h","x":639.12939453125,"y":205,"width":19.7412109375,"height":10.220001220703125},{"text":"+6 h","x":762.12939453125,"y":205,"width":19.7412109375,"height":10.220001220703125}]}
✔ v2 High-carb rendered empty keeps producer curves and support (1426.810291ms)
High-carb anchor geometry {"width":806,"labels":[{"text":"End of eating","x":4.5322265625,"y":205,"width":58.935546875,"height":10.220001220703125},{"text":"sequence","x":12.3154296875,"y":215.22000122070312,"width":43.369140625,"height":10.220001220703125},{"text":"+5 min","x":756.853515625,"y":205,"width":30.29296875,"height":10.220001220703125}]}
✔ v2 High-carb rendered in_sequence keeps producer curves and support (849.594ms)
High-carb anchor geometry {"width":806,"labels":[{"text":"End of eating","x":637.1036551339286,"y":205,"width":58.935546875,"height":10.220001220703125},{"text":"sequence","x":644.8868582589286,"y":215.22000122070312,"width":43.369140625,"height":10.220001220703125},{"text":"+5 min","x":756.853515625,"y":205,"width":30.29296875,"height":10.220001220703125}]}
✔ v2 High-carb rendered limited keeps producer curves and support (1064.038875ms)
Expanded High-carb widths [{"available":405,"required":283.90625,"text":"Highest-carb fifth100% in range · SD 0 mg/dLn 8","textWidths":[96.1875,154.375,17.34375],"tops":[334.171875,334.171875,334.171875]},{"available":405,"required":288.265625,"text":"Other sequences100% in range · SD 0 mg/dLn 32","textWidths":[93.09375,154.375,24.796875],"tops":[358.5625,358.5625,358.5625]},{"available":405,"required":283.90625,"text":"Highest-carb fifth93% in range · SD 41 mg/dLn 8","textWidths":[96.1875,154.375,17.34375],"tops":[409.953125,409.953125,409.953125]},{"available":405,"required":288.265625,"text":"Other sequences100% in range · SD 0 mg/dLn 32","textWidths":[93.09375,154.375,24.796875],"tops":[434.34375,434.34375,434.34375]}]
Compact High-carb unavailable: selected rows ["Highest-carb fifth 93% in range n 8","Other sequences 100% in range n 32"]; height 55.78125; all 3 periods verified
High-carb anchor geometry {"width":806,"labels":[{"text":"End of eating","x":4.5322265625,"y":205,"width":58.935546875,"height":10.220001220703125},{"text":"sequence","x":12.3154296875,"y":215.22000122070312,"width":43.369140625,"height":10.220001220703125},{"text":"+1 h","x":147.12939453125,"y":205,"width":19.7412109375,"height":10.220001220703125},{"text":"+2 h","x":270.12939453125,"y":205,"width":19.7412109375,"height":10.220001220703125},{"text":"+3 h","x":393.12939453125,"y":205,"width":19.7412109375,"height":10.220001220703125},{"text":"+4 h","x":516.12939453125,"y":205,"width":19.7412109375,"height":10.220001220703125},{"text":"+5 h","x":639.12939453125,"y":205,"width":19.7412109375,"height":10.220001220703125},{"text":"+6 h","x":762.12939453125,"y":205,"width":19.7412109375,"height":10.220001220703125}]}
✔ v2 High-carb rendered null_period keeps producer curves and support (1730.558416ms)
ℹ tests 44
ℹ suites 0
ℹ pass 44
ℹ fail 0
ℹ cancelled 0
ℹ skipped 0
ℹ todo 0
ℹ duration_ms 54881.319083
