(node:55474) [MODULE_TYPELESS_PACKAGE_JSON] Warning: Module type of file://<base worktree>/frontend/browser-fixture-population.js is not specified and it doesn't parse as CommonJS.
Reparsing as ES module because module syntax was detected. This incurs a performance overhead.
To eliminate this warning, add "type": "module" to <base worktree>/package.json.
(Use `node --trace-warnings ...` to show where the warning was created)
✖ press waits for a Day return control that renders late, and names an absent or hidden control (250.886417ms)
ℹ tests 1
ℹ suites 0
ℹ pass 0
ℹ fail 1
ℹ cancelled 0
ℹ skipped 0
ℹ todo 0
ℹ duration_ms 503.045416

✖ failing tests:

test at frontend/desk.browser.test.mjs:987:1
✖ press waits for a Day return control that renders late, and names an absent or hidden control (250.886417ms)
  AssertionError [ERR_ASSERTION]: no control matched [data-day="return"]
      at press (file://<base worktree>/frontend/desk.browser.test.mjs:321:10)
      at async Promise.all (index 0)
      at async TestContext.<anonymous> (file://<base worktree>/frontend/desk.browser.test.mjs:996:5)
      at async Test.run (node:internal/test_runner/test:1404:7)
      at async startSubtestAfterBootstrap (node:internal/test_runner/harness:387:3) {
    generatedMessage: false,
    code: 'ERR_ASSERTION',
    actual: false,
    expected: true,
    operator: '==',
    diff: 'simple'
  }
