(node:65233) [MODULE_TYPELESS_PACKAGE_JSON] Warning: Module type of file://<ticket worktree>/frontend/plan.js is not specified and it doesn't parse as CommonJS.
Reparsing as ES module because module syntax was detected. This incurs a performance overhead.
To eliminate this warning, add "type": "module" to <ticket worktree>/package.json.
(Use `node --trace-warnings ...` to show where the warning was created)
# harmonic-v2-desktop behaviour replay — TARGET=app viewport=1280x720
# FROZEN ledger: mockups/harmonic-v2-desktop.behavior.md
# case-copy S12 case=showcase milliseconds=641.086
# S12 synthetic case=showcase (fresh copy)
PASS S12
# story-time S12 milliseconds=20958.909
# case-copy S21 case=showcase milliseconds=4.778
# S21 synthetic case=showcase (fresh copy)
PASS S21
# story-time S21 milliseconds=19700.315
# case-copy S22 case=showcase milliseconds=7.967
# S22 synthetic case=showcase (fresh copy)
PASS S22
# story-time S22 milliseconds=22069.392
# case-copy S23 case=showcase milliseconds=4.410
# S23 synthetic case=showcase (fresh copy)
PASS S23
# story-time S23 milliseconds=20677.199
# case-copy S24 case=showcase milliseconds=10.090
# S24 synthetic case=showcase (fresh copy)
PASS S24
# story-time S24 milliseconds=20189.202
# case-copy S25 case=showcase milliseconds=3.618
# S25 synthetic case=showcase (fresh copy)
PASS S25
# story-time S25 milliseconds=18609.800
# case-copy S26 case=showcase milliseconds=2.523
# S26 synthetic case=showcase (fresh copy)
PASS S26
# story-time S26 milliseconds=22432.163
# case-copy S27 case=showcase milliseconds=8.717
# S27 synthetic case=showcase (fresh copy)
PASS S27
# story-time S27 milliseconds=15959.862
# case-copy S29 case=showcase milliseconds=9.362
# S29 synthetic case=showcase (fresh copy)
PASS S29
# story-time S29 milliseconds=16251.366
# case-copy S61 case=showcase milliseconds=1.877
# S61 synthetic case=showcase (fresh copy)
PASS S61
# story-time S61 milliseconds=20524.064
# case-copy S62 case=showcase milliseconds=1.958
# S62 synthetic case=showcase (fresh copy)
PASS S62
# story-time S62 milliseconds=18262.197
# case-copy S82 case=showcase milliseconds=2.294
# S82 synthetic case=showcase (fresh copy)
PASS S82
# story-time S82 milliseconds=14933.596
# case-copy S133 case=showcase milliseconds=2.645
# S133 synthetic case=showcase (fresh copy)
PASS S133
# story-time S133 milliseconds=25138.825
# case-copy S136 case=showcase milliseconds=6.424
# S136 synthetic case=showcase (fresh copy)
PASS S136
# story-time S136 milliseconds=19650.375
# case-copy S137 case=showcase milliseconds=1.875
# S137 synthetic case=showcase (fresh copy)
PASS S137
# story-time S137 milliseconds=17509.938
# case-copy S124 case=behavioral-carb-undercount milliseconds=407.523
# S124 synthetic case=behavioral-carb-undercount (fresh copy)
PASS S124
# story-time S124 milliseconds=3958.795
# case-copy S125 case=behavioral-missed-meal milliseconds=343.551
# S125 synthetic case=behavioral-missed-meal (fresh copy)
PASS S125
# story-time S125 milliseconds=4329.148
# case-copy R1 case=showcase milliseconds=1.330
# R1 synthetic case=showcase (fresh copy)
RETIRED R1 — Connor Griffin · 2026-09-01 · "light theme retired by operator decision."
PASS R1
# story-time R1 milliseconds=11377.354
# case-copy R2 case=showcase milliseconds=1.302
# R2 synthetic case=showcase (fresh copy)
RETIRED R2 — Connor Griffin · 2026-08-18 · "the dead occurrenceModal hash machinery goes with them."
PASS R2
# story-time R2 milliseconds=10408.623
# case-copy R3 case=showcase milliseconds=2.028
# R3 synthetic case=showcase (fresh copy)
RETIRED R3 — Connor Griffin · 2026-08-25 · "it just keeps my selector. The selection is a slicing method that lets me then dig into findings. Those findings will show up as dots on the chart anyway that I can then trace into."
AMENDED R3 premise — ADR 397 · Connor Griffin · 2026-09-08; coordinator amendment 4 transcribed 2026-09-10: drill the shipped Finding row; cohorts remain served member groups.
PASS R3
# story-time R3 milliseconds=10569.640
# case-copy R4 case=showcase milliseconds=1.346
# R4 synthetic case=showcase (fresh copy)
RETIRED R4 — Connor Griffin · 2026-08-19 · "Occurrence selection should not change the window. The window is a filter view in order to get to selectable occurrences. Having selectable occurrences then retrace the window would be tautological."
PASS R4
# story-time R4 milliseconds=11954.145
# case-copy R5 case=basal-lower milliseconds=534.327
# R5 synthetic case=basal-lower (fresh copy)
RETIRED R5 — Connor Griffin · 2026-08-23 · "the roster is drawn vertically; one key model per list."
PASS R5
# story-time R5 milliseconds=2952.219
# case-copy R6 case=showcase milliseconds=3.096
# R6 synthetic case=showcase (fresh copy)
RETIRED R6 — Connor Griffin · 2026-08-23 · "#55 removed installSegKeys; the shipped Align control is two ordinary Tab stops"
PASS R6
# story-time R6 milliseconds=16140.842
# case-copy R7 case=showcase milliseconds=5.549
# R7 synthetic case=showcase (fresh copy)
RETIRED R7 — Connor Griffin · 2026-08-27 · "these dots mean nothing, just take them off the glucose chart. User can get to them from the findings panel."
PASS R7
# story-time R7 milliseconds=13370.988
# case-copy R8 case=behavioral-carb-undercount milliseconds=3.666
# R8 synthetic case=behavioral-carb-undercount (fresh copy)
RETIRED R8 — Connor Griffin · 2026-08-27 · "Please also remove meal markers from the glucose chart."
PASS R8
# story-time R8 milliseconds=5616.088
# case-copy R9 case=showcase milliseconds=1.716
# R9 synthetic case=showcase (fresh copy)
RETIRED R9 — Connor Griffin · 2026-08-19 · "I don't find the content of the drill-down view particularly useful. So, I think we could just simply have the if there's a current specific detail that needs to show, I think it should just mutate the standing screen."
PASS R9
# story-time R9 milliseconds=15390.867
# case-copy R10 case=ic-lower milliseconds=282.468
# R10 synthetic case=ic-lower (fresh copy)
RETIRED R10 — Connor Griffin · 2026-08-19 · "Decided by Connor Griffin in a ruling session on 2026-08-19."
PASS R10
# story-time R10 milliseconds=1642.632
# case-copy R11 case=showcase milliseconds=1.731
# R11 synthetic case=showcase (fresh copy)
RETIRED R11 — Connor Griffin · 2026-08-19 · "Decided by Connor Griffin in a ruling session on 2026-08-19."
PASS R11
# story-time R11 milliseconds=12919.738
# case-copy R12 case=showcase milliseconds=49.535
# R12 synthetic case=showcase (fresh copy)
RETIRED R12 — Connor Griffin · 2026-08-19 · "Decided by Connor Griffin in a ruling session on 2026-08-19."
PASS R12
# story-time R12 milliseconds=21687.078
# case-copy R13 case=showcase milliseconds=3.199
# R13 synthetic case=showcase (fresh copy)
RETIRED R13 — Connor Griffin · 2026-08-25 · "Rewrite or retire every replay story and browser-test contract that still drives the retired 'Event charts' root filter and the global 'By event' control."
PASS R13
# story-time R13 milliseconds=13379.941
# case-copy R14 case=showcase milliseconds=1.763
# R14 synthetic case=showcase (fresh copy)
RETIRED R14 — ADR 215 amendment · 2026-08-26 · "A pin orders the dock; it is not membership of a position."
PASS R14
# story-time R14 milliseconds=12176.337
# case-copy R15 case=showcase milliseconds=1.694
# R15 synthetic case=showcase (fresh copy)
RETIRED R15 — ADR 215 amendment · 2026-08-26 · "The dock is the whole ordered set, spotlight included."
AMENDED R15 premise — ADR 397 · Connor Griffin · 2026-09-08; transcribed 2026-09-10: Diagnose preserves Findings, Spotlight and All Charts.
PASS R15
# story-time R15 milliseconds=12462.030
# case-copy R16 case=showcase milliseconds=1.888
# R16 synthetic case=showcase (fresh copy)
RETIRED R16 — Connor Griffin · 2026-08-26 · "The ring and the raised rail mark the drilled tile. The chip was noise."
PASS R16
# story-time R16 milliseconds=12265.394
# case-copy R17 case=c3-trial milliseconds=536.472
# R17 synthetic case=c3-trial (fresh copy)
RETIRED R17 — ADR 340 · Connor Griffin · 2026-09-04 · "Sure." (after the proposal stated that Keep saved nothing and Revert-to-Plan should remain)
AMENDED R17 premise — ADR 397 · Connor Griffin · 2026-09-08; coordinator amendment 4 transcribed 2026-09-10: a served finishable Trial replaces the prototype ready scenario.
PASS R17
# story-time R17 milliseconds=11556.176
# case-copy R19 case=showcase milliseconds=1.702
# R19 synthetic case=showcase (fresh copy)
RETIRED R19 — Connor Griffin · 2026-09-21 · "Kill all the V1 stuff."
PASS R19
# story-time R19 milliseconds=12750.480

# executed 35 · failed 0 · deferred 0 · selected 35 · chromium launches 1
