(node:88843) [MODULE_TYPELESS_PACKAGE_JSON] Warning: Module type of file:///Users/connor/worktrees/harmonic/404-c3/frontend/eating-sequence-fixture.js is not specified and it doesn't parse as CommonJS.
Reparsing as ES module because module syntax was detected. This incurs a performance overhead.
To eliminate this warning, add "type": "module" to /Users/connor/worktrees/harmonic/404-c3/package.json.
(Use `node --trace-warnings ...` to show where the warning was created)
✖ a retained Day frame visibly marks its own loading work without unmounting the reading context at 1280x720 (323.089292ms)
✖ a retained Day frame visibly marks its own loading work without unmounting the reading context at 1440x900 (211.056292ms)
ℹ tests 2
ℹ suites 0
ℹ pass 0
ℹ fail 2
ℹ cancelled 0
ℹ skipped 0
ℹ todo 0
ℹ duration_ms 755.075542

✖ failing tests:

test at frontend-v2/desk.browser.test.mjs:615:1
✖ a retained Day frame visibly marks its own loading work without unmounting the reading context at 1280x720 (323.089292ms)
  AssertionError [ERR_ASSERTION]: the retained Day chart must keep rendered series while its next read is held: {"busy":"true","stage":"stage","navigation":"navigation","chart":false,"series":0}
      at TestContext.<anonymous> (file:///Users/connor/worktrees/harmonic/404-c3/frontend-v2/desk.browser.test.mjs:659:14)
      at async Test.run (node:internal/test_runner/test:1404:7)
      at async startSubtestAfterBootstrap (node:internal/test_runner/harness:387:3) {
    generatedMessage: false,
    code: 'ERR_ASSERTION',
    actual: false,
    expected: true,
    operator: '==',
    diff: 'simple'
  }

test at frontend-v2/desk.browser.test.mjs:615:1
✖ a retained Day frame visibly marks its own loading work without unmounting the reading context at 1440x900 (211.056292ms)
  AssertionError [ERR_ASSERTION]: the retained Day chart must keep rendered series while its next read is held: {"busy":"true","stage":"stage","navigation":"navigation","chart":false,"series":0}
      at TestContext.<anonymous> (file:///Users/connor/worktrees/harmonic/404-c3/frontend-v2/desk.browser.test.mjs:659:14)
      at async Test.run (node:internal/test_runner/test:1404:7)
      at async Test.processPendingSubtests (node:internal/test_runner/test:969:7) {
    generatedMessage: false,
    code: 'ERR_ASSERTION',
    actual: false,
    expected: true,
    operator: '==',
    diff: 'simple'
  }
