(node:819) [MODULE_TYPELESS_PACKAGE_JSON] Warning: Module type of file:///Users/connor/worktrees/harmonic/413-c4/frontend/plan.js is not specified and it doesn't parse as CommonJS.
Reparsing as ES module because module syntax was detected. This incurs a performance overhead.
To eliminate this warning, add "type": "module" to /Users/connor/worktrees/harmonic/413-c4/package.json.
(Use `node --trace-warnings ...` to show where the warning was created)
# harmonic-v2-desktop behaviour replay — TARGET=app viewport=1280x720
# FROZEN ledger: mockups/harmonic-v2-desktop.behavior.md
# case-copy S113 case=basal-verdict-gallery milliseconds=348.819
# S113 synthetic case=basal-verdict-gallery (fresh copy)
PASS S113
# story-time S113 milliseconds=2740.816
# case-copy S114 case=showcase milliseconds=193.216
# S114 synthetic case=showcase (fresh copy)
PASS S114
# story-time S114 milliseconds=7088.086
# case-copy S115 case=showcase milliseconds=1.446
# S115 synthetic case=showcase (fresh copy)
PASS S115
# story-time S115 milliseconds=6891.261
# case-copy S116 case=showcase milliseconds=1.321
# S116 synthetic case=showcase (fresh copy)
FAIL S116 — Timed out after 30000 ms: S116 every ranked mini draws the same instrument, from the served row; saw [ null ]; S116 at least one ranked mini must be mounted to compare
# story-time S116 milliseconds=35975.613
# case-copy S117 case=showcase milliseconds=3.067
# S117 synthetic case=showcase (fresh copy)
PASS S117
# story-time S117 milliseconds=6300.189

# executed 4 · failed 1 · deferred 0 · selected 5 · chromium launches 1
