(node:26294) [MODULE_TYPELESS_PACKAGE_JSON] Warning: Module type of file://<ticket worktree>/frontend/plan.js is not specified and it doesn't parse as CommonJS.
Reparsing as ES module because module syntax was detected. This incurs a performance overhead.
To eliminate this warning, add "type": "module" to <ticket worktree>/package.json.
(Use `node --trace-warnings ...` to show where the warning was created)
# harmonic-v2-desktop behaviour replay — TARGET=app viewport=1280x720
# FROZEN ledger: mockups/harmonic-v2-desktop.behavior.md
# case-copy S7 case=c3-trial milliseconds=807.900
# S7 synthetic case=c3-trial (fresh copy)
PASS S7
# story-time S7 milliseconds=17512.132
# case-copy S54b case=c3-history milliseconds=1198.406
# S54b synthetic case=c3-history (fresh copy)
PASS S54b
# story-time S54b milliseconds=13751.468
# case-copy S60 case=showcase milliseconds=349.653
# S60 synthetic case=showcase (fresh copy)
PASS S60
# story-time S60 milliseconds=20838.733
# case-copy S61 case=showcase milliseconds=2.229
# S61 synthetic case=showcase (fresh copy)
PASS S61
# story-time S61 milliseconds=18488.115
# case-copy S62 case=showcase milliseconds=2.102
# S62 synthetic case=showcase (fresh copy)
PASS S62
# story-time S62 milliseconds=17349.508
# case-copy S72b case=showcase milliseconds=2.032
# S72b synthetic case=showcase (fresh copy)
PASS S72b
# story-time S72b milliseconds=11362.059
# case-copy S76 case=showcase milliseconds=1.298
# S76 synthetic case=showcase (fresh copy)
PASS S76
# story-time S76 milliseconds=12841.014
# case-copy S108 case=showcase milliseconds=1.255
# S108 synthetic case=showcase (fresh copy)
PASS S108
# story-time S108 milliseconds=13916.984
# case-copy S133 case=showcase milliseconds=1.862
# S133 synthetic case=showcase (fresh copy)
PASS S133
# story-time S133 milliseconds=23380.202
# case-copy S142 case=c3-trial milliseconds=2.729
# S142 synthetic case=c3-trial (fresh copy)
PASS S142
# story-time S142 milliseconds=10566.654
# case-copy S136 case=showcase milliseconds=1.614
# S136 synthetic case=showcase (fresh copy)
PASS S136
# story-time S136 milliseconds=19656.862
# case-copy S137 case=showcase milliseconds=2.215
# S137 synthetic case=showcase (fresh copy)
PASS S137
# story-time S137 milliseconds=20725.616
# case-copy S138 case=showcase milliseconds=1.706
# S138 synthetic case=showcase (fresh copy)
PASS S138
# story-time S138 milliseconds=19877.217
# case-copy S162 case=c3-trial milliseconds=1.722
# S162 synthetic case=c3-trial (fresh copy)
PASS S162
# story-time S162 milliseconds=11937.307
# case-copy S163 case=c3-trial milliseconds=1.361
# S163 synthetic case=c3-trial (fresh copy)
PASS S163
# story-time S163 milliseconds=11443.220
# case-copy S164 case=showcase milliseconds=1.575
# S164 synthetic case=showcase (fresh copy)
FAIL S164 — S164 the return after logging must re-read Diagnose: the store moved
# story-time S164 milliseconds=33869.456
# case-copy S165 case=showcase milliseconds=2.661
# S165 synthetic case=showcase (fresh copy)
FAIL S165 — Timed out after 30000 ms: S165 the retained return; saw [
  '24 h',
  'Over-treated low',
  1,
  true,
  {
    subject: 'finding:over_treated_low',
    occurrence: 'o_d4f26ff8815899a51eb191549ae449b6'
  }
]; S165 the address must name the retained case, with no title, from or focus
+ actual - expected

  {
-   date: '2024-06-28',
-   from: 'diagnose',
-   moment: '2024-06-28 12:10:00',
    occurrence: 'o_d4f26ff8815899a51eb191549ae449b6',
    subject: 'finding:over_treated_low',
-   title: 'Over-treated low'
  }

# story-time S165 milliseconds=53076.681

# executed 15 · failed 2 · deferred 0 · selected 17 · chromium launches 1
