(node:47929) [MODULE_TYPELESS_PACKAGE_JSON] Warning: Module type of file://<base worktree>/frontend/browser-fixture-population.js is not specified and it doesn't parse as CommonJS.
Reparsing as ES module because module syntax was detected. This incurs a performance overhead.
To eliminate this warning, add "type": "module" to <base worktree>/package.json.
(Use `node --trace-warnings ...` to show where the warning was created)
✖ a utility's own Day entry keeps the utility open and returns into it (1311.770792ms)
ℹ tests 1
ℹ suites 0
ℹ pass 0
ℹ fail 1
ℹ cancelled 0
ℹ skipped 0
ℹ todo 0
ℹ duration_ms 2000.972792

✖ failing tests:

test at frontend/desk.browser.test.mjs:1032:1
✖ a utility's own Day entry keeps the utility open and returns into it (1311.770792ms)
  AssertionError [ERR_ASSERTION]: the Day address names no prompt identity: {"date":"2024-06-26","subject":"Carb questions · Jun 26 13:55","title":"Carb questions · Jun 26 13:55","from":"diagnose.questions","focus":"[data-question-card='low|2024-06-26 13:55:00'] [data-action='day']"}
      at TestContext.<anonymous> (file://<base worktree>/frontend/desk.browser.test.mjs:1047:12)
      at async Test.run (node:internal/test_runner/test:1404:7)
      at async startSubtestAfterBootstrap (node:internal/test_runner/harness:387:3) {
    generatedMessage: false,
    code: 'ERR_ASSERTION',
    actual: false,
    expected: true,
    operator: '==',
    diff: 'simple'
  }
