(node:48080) [MODULE_TYPELESS_PACKAGE_JSON] Warning: Module type of file://<base worktree>/frontend/plan.js is not specified and it doesn't parse as CommonJS.
Reparsing as ES module because module syntax was detected. This incurs a performance overhead.
To eliminate this warning, add "type": "module" to <base worktree>/package.json.
(Use `node --trace-warnings ...` to show where the warning was created)
# harmonic-v2-desktop behaviour replay — TARGET=app viewport=1280x720
# FROZEN ledger: mockups/harmonic-v2-desktop.behavior.md
# case-copy S162 case=c3-trial milliseconds=898.281
# S162 synthetic case=c3-trial (fresh copy)
FAIL S162 — S162 the Day address must carry no return-focus key

true !== false

# story-time S162 milliseconds=16861.771
# case-copy S163 case=c3-trial milliseconds=2.882
# S163 synthetic case=c3-trial (fresh copy)
FAIL S163 — S163 the Day address must carry no return-focus key

true !== false

# story-time S163 milliseconds=15072.106
# case-copy S164 case=showcase milliseconds=412.085
# S164 synthetic case=showcase (fresh copy)
FAIL S164 — S164 the Day address must name the entry by its id
+ actual - expected

+ 'Log carbs · Jun 30 12:07'
- 'carb:1'

# story-time S164 milliseconds=23342.185
# case-copy S165 case=showcase milliseconds=2.179
# S165 synthetic case=showcase (fresh copy)
FAIL S165 — S165 the Carb questions return must issue no request besides the held status check
+ actual - expected

+ [
+   '/api/focus',
+   '/api/guidance',
+   '/api/plan',
+   '/api/plan/history',
+   '/api/pump-settings'
+ ]
- []

# story-time S165 milliseconds=27514.268

# executed 0 · failed 4 · deferred 0 · selected 4 · chromium launches 1
FATAL: zero stories executed — a run that asserts nothing is a failure, not a pass
