(node:92540) [MODULE_TYPELESS_PACKAGE_JSON] Warning: Module type of file://<ticket worktree>/frontend/plan.js is not specified and it doesn't parse as CommonJS.
Reparsing as ES module because module syntax was detected. This incurs a performance overhead.
To eliminate this warning, add "type": "module" to <ticket worktree>/package.json.
(Use `node --trace-warnings ...` to show where the warning was created)
# harmonic-v2-desktop behaviour replay — TARGET=app viewport=1280x720
# FROZEN ledger: mockups/harmonic-v2-desktop.behavior.md
# case-copy S177 case=isf-strengthen milliseconds=340.502
# S177 synthetic case=isf-strengthen (fresh copy)
PASS S177
# story-time S177 milliseconds=6607.029
# case-copy S178 case=isf-strengthen milliseconds=0.884
# S178 synthetic case=isf-strengthen (fresh copy)
FAIL S178 — Timed out after 30000 ms: S178 the correction-factor queue row; saw [
  'Correction factor · strengthen',
  'now 1 U : 40.0 mg/dL → 1 U : 32.0 mg/dL · Whole day'
]; S178 the queue numbers read insulin first, at the queue's own rounding
+ actual - expected

+ 'now 1 U : 40.0 mg/dL → 1 U : 32.0 mg/dL · Whole day'
- 'now 1 U : 40.0 mg/dL → 1 U : 32.0 mg/dL'

# story-time S178 milliseconds=34101.258
# case-copy S179 case=isf-strengthen milliseconds=0.910
# S179 synthetic case=isf-strengthen (fresh copy)
PASS S179
# story-time S179 milliseconds=5253.107

# executed 2 · failed 1 · deferred 0 · selected 3 · chromium launches 1
