(node:74306) [MODULE_TYPELESS_PACKAGE_JSON] Warning: Module type of file://<ticket worktree>/frontend/plan.js is not specified and it doesn't parse as CommonJS.
Reparsing as ES module because module syntax was detected. This incurs a performance overhead.
To eliminate this warning, add "type": "module" to <ticket worktree>/package.json.
(Use `node --trace-warnings ...` to show where the warning was created)
# harmonic-v2-desktop behaviour replay — TARGET=app viewport=1440x900
# FROZEN ledger: mockups/harmonic-v2-desktop.behavior.md
# case-copy S4 case=showcase milliseconds=223.964
# S4 synthetic case=showcase (fresh copy)
PASS S4
# story-time S4 milliseconds=7740.116
# case-copy S42 case=basal-lower milliseconds=198.963
# S42 synthetic case=basal-lower (fresh copy)
PASS S42
# story-time S42 milliseconds=2953.531
# case-copy S142 case=c3-trial milliseconds=384.549
# S142 synthetic case=c3-trial (fresh copy)
PASS S142
# story-time S142 milliseconds=7161.604
# case-copy S153 case=basal-verdict-gallery milliseconds=211.825
# S153 synthetic case=basal-verdict-gallery (fresh copy)
PASS S153
# story-time S153 milliseconds=7058.403
# case-copy S178 case=isf-strengthen milliseconds=240.666
# S178 synthetic case=isf-strengthen (fresh copy)
PASS S178
# story-time S178 milliseconds=4562.978

# executed 5 · failed 0 · deferred 0 · selected 5 · chromium launches 1
