(node:29838) [MODULE_TYPELESS_PACKAGE_JSON] Warning: Module type of file://<base worktree>/frontend/plan.js is not specified and it doesn't parse as CommonJS.
Reparsing as ES module because module syntax was detected. This incurs a performance overhead.
To eliminate this warning, add "type": "module" to <base worktree>/package.json.
(Use `node --trace-warnings ...` to show where the warning was created)
# harmonic-v2-desktop behaviour replay — TARGET=app viewport=1280x720
# FROZEN ledger: mockups/harmonic-v2-desktop.behavior.md
# case-copy S52 case=c3-trial milliseconds=1040.022
# S52 synthetic case=c3-trial (fresh copy)
PASS S52
# story-time S52 milliseconds=14094.866
# case-copy S54b case=c3-history milliseconds=579.757
# S54b synthetic case=c3-history (fresh copy)
PASS S54b
# story-time S54b milliseconds=12332.970
# case-copy S57 case=c3-focus milliseconds=422.753
# S57 synthetic case=c3-focus (fresh copy)
PASS S57
# story-time S57 milliseconds=3341.278
# case-copy S92 case=c3-trial milliseconds=1.944
# S92 synthetic case=c3-trial (fresh copy)
PASS S92
# story-time S92 milliseconds=10898.009
# case-copy S94 case=c3-trial milliseconds=1.090
# S94 synthetic case=c3-trial (fresh copy)
PASS S94
# story-time S94 milliseconds=10615.563
# case-copy S105 case=c3-trial milliseconds=1.058
# S105 synthetic case=c3-trial (fresh copy)
PASS S105
# story-time S105 milliseconds=19172.889
# case-copy S110 case=edit-chain milliseconds=256.321
# S110 synthetic case=edit-chain (fresh copy)
PASS S110
# story-time S110 milliseconds=1912.812
# case-copy S112 case=edit-chain milliseconds=1.214
# S112 synthetic case=edit-chain (fresh copy)
PASS S112
# story-time S112 milliseconds=1290.354
# case-copy S142 case=c3-trial milliseconds=3.185
# S142 synthetic case=c3-trial (fresh copy)
PASS S142
# story-time S142 milliseconds=8155.777
# case-copy S143 case=edit-chain milliseconds=1.048
# S143 synthetic case=edit-chain (fresh copy)
PASS S143
# story-time S143 milliseconds=1470.055
# case-copy S180 case=c4-isf milliseconds=985.969
# S180 synthetic case=c4-isf (fresh copy)
FAIL S180 — S180 reopening the record from the roster must start its later conclusion empty
+ actual - expected

+ 'Synthetic observation typed before leaving'
- ''

# story-time S180 milliseconds=7138.799
# case-copy S53 case=c3-trial milliseconds=1.144
# S53 synthetic case=c3-trial (fresh copy)
PASS S53
# story-time S53 milliseconds=9371.368
# case-copy R17 case=c3-trial milliseconds=2.117
# R17 synthetic case=c3-trial (fresh copy)
RETIRED R17 — ADR 340 · Connor Griffin · 2026-09-04 · "Sure." (after the proposal stated that Keep saved nothing and Revert-to-Plan should remain)
AMENDED R17 premise — ADR 397 · Connor Griffin · 2026-09-08; coordinator amendment 4 transcribed 2026-09-10: a served finishable Trial replaces the prototype ready scenario.
PASS R17
# story-time R17 milliseconds=9681.229

# executed 12 · failed 1 · deferred 0 · selected 13 · chromium launches 1
