(node:34619) [MODULE_TYPELESS_PACKAGE_JSON] Warning: Module type of file://<base worktree>/frontend/plan.js is not specified and it doesn't parse as CommonJS.
Reparsing as ES module because module syntax was detected. This incurs a performance overhead.
To eliminate this warning, add "type": "module" to <base worktree>/package.json.
(Use `node --trace-warnings ...` to show where the warning was created)
# harmonic-v2-desktop behaviour replay — TARGET=app viewport=1440x900
# FROZEN ledger: mockups/harmonic-v2-desktop.behavior.md
# case-copy S52 case=c3-trial milliseconds=401.923
# S52 synthetic case=c3-trial (fresh copy)
PASS S52
# story-time S52 milliseconds=9858.756
# case-copy S54b case=c3-history milliseconds=636.519
# S54b synthetic case=c3-history (fresh copy)
PASS S54b
# story-time S54b milliseconds=10195.440
# case-copy S57 case=c3-focus milliseconds=232.178
# S57 synthetic case=c3-focus (fresh copy)
PASS S57
# story-time S57 milliseconds=2195.535
# case-copy S92 case=c3-trial milliseconds=0.983
# S92 synthetic case=c3-trial (fresh copy)
PASS S92
# story-time S92 milliseconds=10297.441
# case-copy S94 case=c3-trial milliseconds=0.946
# S94 synthetic case=c3-trial (fresh copy)
PASS S94
# story-time S94 milliseconds=11243.102
# case-copy S105 case=c3-trial milliseconds=1.100
# S105 synthetic case=c3-trial (fresh copy)
PASS S105
# story-time S105 milliseconds=18388.414
# case-copy S110 case=edit-chain milliseconds=213.882
# S110 synthetic case=edit-chain (fresh copy)
PASS S110
# story-time S110 milliseconds=1372.712
# case-copy S112 case=edit-chain milliseconds=1.217
# S112 synthetic case=edit-chain (fresh copy)
PASS S112
# story-time S112 milliseconds=1255.831
# case-copy S142 case=c3-trial milliseconds=1.089
# S142 synthetic case=c3-trial (fresh copy)
PASS S142
# story-time S142 milliseconds=9008.233
# case-copy S143 case=edit-chain milliseconds=0.920
# S143 synthetic case=edit-chain (fresh copy)
PASS S143
# story-time S143 milliseconds=1511.303
# case-copy S180 case=c4-isf milliseconds=1002.528
# S180 synthetic case=c4-isf (fresh copy)
FAIL S180 — S180 reopening the record from the roster must start its later conclusion empty
+ actual - expected

+ 'Synthetic observation typed before leaving'
- ''

# story-time S180 milliseconds=7958.487
# case-copy S53 case=c3-trial milliseconds=1.316
# S53 synthetic case=c3-trial (fresh copy)
PASS S53
# story-time S53 milliseconds=10719.199
# case-copy R17 case=c3-trial milliseconds=1.077
# R17 synthetic case=c3-trial (fresh copy)
RETIRED R17 — ADR 340 · Connor Griffin · 2026-09-04 · "Sure." (after the proposal stated that Keep saved nothing and Revert-to-Plan should remain)
AMENDED R17 premise — ADR 397 · Connor Griffin · 2026-09-08; coordinator amendment 4 transcribed 2026-09-10: a served finishable Trial replaces the prototype ready scenario.
PASS R17
# story-time R17 milliseconds=12403.007

# executed 12 · failed 1 · deferred 0 · selected 13 · chromium launches 1
