(node:24861) [MODULE_TYPELESS_PACKAGE_JSON] Warning: Module type of file://<ticket worktree>/frontend/plan.js is not specified and it doesn't parse as CommonJS.
Reparsing as ES module because module syntax was detected. This incurs a performance overhead.
To eliminate this warning, add "type": "module" to <ticket worktree>/package.json.
(Use `node --trace-warnings ...` to show where the warning was created)
# harmonic-v2-desktop behaviour replay — TARGET=app viewport=1440x900
# FROZEN ledger: mockups/harmonic-v2-desktop.behavior.md
# case-copy S52 case=c3-trial milliseconds=344.624
# S52 synthetic case=c3-trial (fresh copy)
PASS S52
# story-time S52 milliseconds=9685.641
# case-copy S54b case=c3-history milliseconds=541.544
# S54b synthetic case=c3-history (fresh copy)
PASS S54b
# story-time S54b milliseconds=10646.523
# case-copy S57 case=c3-focus milliseconds=241.491
# S57 synthetic case=c3-focus (fresh copy)
PASS S57
# story-time S57 milliseconds=2490.710
# case-copy S92 case=c3-trial milliseconds=2.342
# S92 synthetic case=c3-trial (fresh copy)
PASS S92
# story-time S92 milliseconds=9973.866
# case-copy S94 case=c3-trial milliseconds=1.857
# S94 synthetic case=c3-trial (fresh copy)
PASS S94
# story-time S94 milliseconds=10573.327
# case-copy S105 case=c3-trial milliseconds=1.131
# S105 synthetic case=c3-trial (fresh copy)
PASS S105
# story-time S105 milliseconds=19944.726
# case-copy S110 case=edit-chain milliseconds=226.103
# S110 synthetic case=edit-chain (fresh copy)
PASS S110
# story-time S110 milliseconds=1594.513
# case-copy S112 case=edit-chain milliseconds=0.848
# S112 synthetic case=edit-chain (fresh copy)
PASS S112
# story-time S112 milliseconds=1645.635
# case-copy S142 case=c3-trial milliseconds=3.214
# S142 synthetic case=c3-trial (fresh copy)
PASS S142
# story-time S142 milliseconds=10160.114
# case-copy S143 case=edit-chain milliseconds=1.348
# S143 synthetic case=edit-chain (fresh copy)
PASS S143
# story-time S143 milliseconds=1551.507
# case-copy S180 case=c4-isf milliseconds=1103.573
# S180 synthetic case=c4-isf (fresh copy)
PASS S180
# story-time S180 milliseconds=10800.116
# case-copy S53 case=c3-trial milliseconds=2.592
# S53 synthetic case=c3-trial (fresh copy)
PASS S53
# story-time S53 milliseconds=11267.636
# case-copy R17 case=c3-trial milliseconds=1.144
# R17 synthetic case=c3-trial (fresh copy)
RETIRED R17 — ADR 340 · Connor Griffin · 2026-09-04 · "Sure." (after the proposal stated that Keep saved nothing and Revert-to-Plan should remain)
AMENDED R17 premise — ADR 397 · Connor Griffin · 2026-09-08; coordinator amendment 4 transcribed 2026-09-10: a served finishable Trial replaces the prototype ready scenario.
PASS R17
# story-time R17 milliseconds=11079.982

# executed 13 · failed 0 · deferred 0 · selected 13 · chromium launches 1
