(node:94078) [MODULE_TYPELESS_PACKAGE_JSON] Warning: Module type of file://<ticket worktree>/frontend/plan.js is not specified and it doesn't parse as CommonJS.
Reparsing as ES module because module syntax was detected. This incurs a performance overhead.
To eliminate this warning, add "type": "module" to <ticket worktree>/package.json.
(Use `node --trace-warnings ...` to show where the warning was created)
# harmonic-v2-desktop behaviour replay — TARGET=app viewport=1440x900
# FROZEN ledger: mockups/harmonic-v2-desktop.behavior.md
# case-copy S42 case=basal-lower milliseconds=188.609
# S42 synthetic case=basal-lower (fresh copy)
PASS S42
# story-time S42 milliseconds=2986.328
# case-copy S105 case=c3-trial milliseconds=354.864
# S105 synthetic case=c3-trial (fresh copy)
PASS S105
# story-time S105 milliseconds=13372.857
# case-copy S145 case=basal-lower milliseconds=17.586
# S145 synthetic case=basal-lower (fresh copy)
PASS S145
# story-time S145 milliseconds=3933.570
# case-copy S146 case=basal-lower milliseconds=1.208
# S146 synthetic case=basal-lower (fresh copy)
PASS S146
# story-time S146 milliseconds=2497.984

# executed 4 · failed 0 · deferred 0 · selected 4 · chromium launches 1
