(node:93199) [MODULE_TYPELESS_PACKAGE_JSON] Warning: Module type of file://<ticket worktree>/frontend/plan.js is not specified and it doesn't parse as CommonJS.
Reparsing as ES module because module syntax was detected. This incurs a performance overhead.
To eliminate this warning, add "type": "module" to <ticket worktree>/package.json.
(Use `node --trace-warnings ...` to show where the warning was created)
# harmonic-v2-desktop behaviour replay — TARGET=app viewport=1280x720
# FROZEN ledger: mockups/harmonic-v2-desktop.behavior.md
# case-copy S42 case=basal-lower milliseconds=183.455
# S42 synthetic case=basal-lower (fresh copy)
PASS S42
# story-time S42 milliseconds=3945.319
# case-copy S105 case=c3-trial milliseconds=404.500
# S105 synthetic case=c3-trial (fresh copy)
PASS S105
# story-time S105 milliseconds=12481.696
# case-copy S145 case=basal-lower milliseconds=1.745
# S145 synthetic case=basal-lower (fresh copy)
PASS S145
# story-time S145 milliseconds=2566.852
# case-copy S146 case=basal-lower milliseconds=0.943
# S146 synthetic case=basal-lower (fresh copy)
PASS S146
# story-time S146 milliseconds=1858.347

# executed 4 · failed 0 · deferred 0 · selected 4 · chromium launches 1
