(node:96672) [MODULE_TYPELESS_PACKAGE_JSON] Warning: Module type of file:///Users/connor/worktrees/harmonic/404/frontend/eating-sequence-fixture.js is not specified and it doesn't parse as CommonJS.
Reparsing as ES module because module syntax was detected. This incurs a performance overhead.
To eliminate this warning, add "type": "module" to /Users/connor/worktrees/harmonic/404/package.json.
(Use `node --trace-warnings ...` to show where the warning was created)
✔ five stars remain available without reordering the direct All charts catalog (5527.42775ms)
✔ a ranked chart star uses keep copy and changes no catalog position (4195.650916ms)
✔ selecting any visible All charts cell changes only the spotlight mark (12768.014875ms)
sanction: live-judging ruling · 2026-08-26 · "The ring and the raised rail mark the drilled tile. The chip was noise."
sanction: ADR 215 amendment · 2026-08-27 · "The hover well plate over a tile's plot is retired."
✔ drilling a behavioural finding seats that finding's own comparison, marked (4500.240916ms)
sanction: live-judging ruling · 2026-08-28 · "A picked occurrence belongs to the spotlight; the catalog chart stays static."
✔ an occurrence selection stays in the spotlight while the catalog chart stays static (3797.75375ms)
✔ the fixed field exposes no retired arrangement or pin-cap schematic (3353.793708ms)
✔ a pinned tile visibly names a stale generation before the real pipeline recovers (5413.090333ms)
✔ an in-flight preparation cannot adopt findings for a window the reader left (3227.6175ms)
✔ a wrapping slicer drag coalesces pinned-chart re-reads before mouse-up (6995.23675ms)
RETIRED — sanction: ConnorGriffin · 2026-08-26 · "Diagnose does NOT need to host an explore mode. we're building a better version of it right now."
✔ reconcileTileDescriptors keeps an unranked star in the All charts catalog (5706.655542ms)
RETIRED — ConnorGriffin · 2026-08-27 · "Please also remove meal markers from the glucose chart."
✔ Explore mode stays retired — RETIRED (3344.392625ms)
✔ glucose-strip meal markers stay retired — RETIRED (3377.119541ms)
✔ Dark canvas gives the shared hero/basal body one vessel edge and role-owned chart actions (3447.644417ms)
✔ Backspace return restores provenance to the chart owning the finding frame (3493.825417ms)
✔ eating-sequence composition S151 uses generated Python transports (3672.934917ms)
✔ eating-sequence composition S152 uses generated Python transports (4635.228958ms)
✔ eating-sequence composition S153 uses generated Python transports (3010.484125ms)
✔ eating-sequence composition S154 uses generated Python transports (3029.630125ms)
✔ eating-sequence composition S155 uses generated Python transports (4249.350167ms)
✔ eating-sequence composition S156 uses generated Python transports (4007.99125ms)
✔ eating-sequence composition S157 uses generated Python transports (4720.001833ms)
✔ eating-sequence composition S158 uses generated Python transports (7718.149959ms)
✔ eating-sequence generation mismatch uses the standing case error surface (1904.652917ms)
✔ eating-sequence counts mismatch uses the standing case error surface (1904.093792ms)
ℹ tests 24
ℹ suites 0
ℹ pass 24
ℹ fail 0
ℹ cancelled 0
ℹ skipped 0
ℹ todo 0
ℹ duration_ms 108214.199583
