(node:8869) [MODULE_TYPELESS_PACKAGE_JSON] Warning: Module type of file:///Users/connor/worktrees/harmonic/404/frontend/browser-fixture-population.js is not specified and it doesn't parse as CommonJS.
Reparsing as ES module because module syntax was detected. This incurs a performance overhead.
To eliminate this warning, add "type": "module" to /Users/connor/worktrees/harmonic/404/package.json.
(Use `node --trace-warnings ...` to show where the warning was created)
# harmonic-v2-desktop behaviour replay — TARGET=app viewport=1280x720 fonts=behaviour
# FROZEN ledger: mockups/harmonic-v2-desktop.behavior.md
# case-copy S1 case=showcase milliseconds=194.220
# S1 synthetic case=showcase (fresh copy)
PASS S1
# story-time S1 milliseconds=5971.428
# case-copy S2 case=showcase milliseconds=1.607
# S2 synthetic case=showcase (fresh copy)
PASS S2
# story-time S2 milliseconds=8007.232
# case-copy S3 case=showcase milliseconds=1.145
# S3 synthetic case=showcase (fresh copy)
PASS S3
# story-time S3 milliseconds=6530.098
# case-copy S4 case=showcase milliseconds=1.736
# S4 synthetic case=showcase (fresh copy)
PASS S4
# story-time S4 milliseconds=5647.938
# case-copy S5 case=showcase milliseconds=1.065
# S5 synthetic case=showcase (fresh copy)
PASS S5
# story-time S5 milliseconds=5684.675
# case-copy S6 case=showcase milliseconds=1.130
# S6 synthetic case=showcase (fresh copy)
PASS S6
# story-time S6 milliseconds=5731.661
# case-copy S7 case=c3-trial milliseconds=365.440
# S7 synthetic case=c3-trial (fresh copy)
PASS S7
# story-time S7 milliseconds=5970.295
# case-copy S7b case=basal-no-change milliseconds=197.323
# S7b synthetic case=basal-no-change (fresh copy)
PASS S7b
# story-time S7b milliseconds=995.222
# case-copy S8 case=showcase milliseconds=2.486
# S8 synthetic case=showcase (fresh copy)
PASS S8
# story-time S8 milliseconds=5632.901
# case-copy S9 case=basal-lower milliseconds=177.446
# S9 synthetic case=basal-lower (fresh copy)
PASS S9
# story-time S9 milliseconds=975.393
# case-copy S10 case=showcase milliseconds=1.947
# S10 synthetic case=showcase (fresh copy)
PASS S10
# story-time S10 milliseconds=5639.929
# case-copy S10b case=showcase milliseconds=1.038
# S10b synthetic case=showcase (fresh copy)
PASS S10b
# story-time S10b milliseconds=6274.346
# case-copy S11 case=showcase milliseconds=1.146
# S11 synthetic case=showcase (fresh copy)
PASS S11
# story-time S11 milliseconds=8412.852
# case-copy S12 case=showcase milliseconds=2.118
# S12 synthetic case=showcase (fresh copy)
PASS S12
# story-time S12 milliseconds=6548.622
# case-copy S13 case=showcase milliseconds=3.078
# S13 synthetic case=showcase (fresh copy)
# case-copy source-meals case=behavioral-carb-undercount milliseconds=230.941
# source=meals synthetic case=behavioral-carb-undercount
# case-copy source-setting case=basal-lower milliseconds=2.615
# source=setting synthetic case=basal-lower
# case-copy source-focus case=pattern-near-tie milliseconds=265.054
# source=focus synthetic case=pattern-near-tie
# case-copy source-journey case=showcase milliseconds=3.205
# source=journey synthetic case=showcase
PASS S13
# story-time S13 milliseconds=18230.399
# case-copy S14 case=basal-lower milliseconds=2.478
# S14 synthetic case=basal-lower (fresh copy)
PASS S14
# story-time S14 milliseconds=818.078
# case-copy S15 case=basal-lower milliseconds=1.482
# S15 synthetic case=basal-lower (fresh copy)
PASS S15
# story-time S15 milliseconds=917.668
# case-copy S16 case=basal-lower milliseconds=2.264
# S16 synthetic case=basal-lower (fresh copy)
PASS S16
# story-time S16 milliseconds=1020.547
# case-copy S17 case=basal-lower milliseconds=1.347
# S17 synthetic case=basal-lower (fresh copy)
PASS S17
# story-time S17 milliseconds=922.198
# case-copy S18 case=basal-no-change milliseconds=2.340
# S18 synthetic case=basal-no-change (fresh copy)
PASS S18
# story-time S18 milliseconds=743.495
# case-copy S19 case=showcase milliseconds=3.223
# S19 synthetic case=showcase (fresh copy)
PASS S19
# story-time S19 milliseconds=6083.202
# case-copy S20 case=showcase milliseconds=1.338
# S20 synthetic case=showcase (fresh copy)
PASS S20
# story-time S20 milliseconds=7215.297
# case-copy S20b case=showcase milliseconds=2.599
# S20b synthetic case=showcase (fresh copy)
PASS S20b
# story-time S20b milliseconds=7692.043
# case-copy S21 case=showcase milliseconds=1.074
# S21 synthetic case=showcase (fresh copy)
PASS S21
# story-time S21 milliseconds=6633.864
# case-copy S22 case=showcase milliseconds=1.569
# S22 synthetic case=showcase (fresh copy)
PASS S22
# story-time S22 milliseconds=6852.711
# case-copy S23 case=showcase milliseconds=2.558
# S23 synthetic case=showcase (fresh copy)
PASS S23
# story-time S23 milliseconds=7161.292
# case-copy S24 case=showcase milliseconds=3.192
# S24 synthetic case=showcase (fresh copy)
PASS S24
# story-time S24 milliseconds=6971.357
# case-copy S25 case=showcase milliseconds=2.221
# S25 synthetic case=showcase (fresh copy)
PASS S25
# story-time S25 milliseconds=6791.246
# case-copy S26 case=showcase milliseconds=2.297
# S26 synthetic case=showcase (fresh copy)
PASS S26
# story-time S26 milliseconds=8690.607
# case-copy S27 case=showcase milliseconds=1.490
# S27 synthetic case=showcase (fresh copy)
PASS S27
# story-time S27 milliseconds=6870.344
# case-copy S28 case=showcase milliseconds=2.189
# S28 synthetic case=showcase (fresh copy)
PASS S28
# story-time S28 milliseconds=9998.504
# case-copy S29 case=showcase milliseconds=1.279
# S29 synthetic case=showcase (fresh copy)
PASS S29
# story-time S29 milliseconds=7262.391
# case-copy S30 case=showcase milliseconds=1.144
# S30 synthetic case=showcase (fresh copy)
PASS S30
# story-time S30 milliseconds=6916.733
# case-copy S31 case=basal-lower milliseconds=2.785
# S31 synthetic case=basal-lower (fresh copy)
PASS S31
# story-time S31 milliseconds=1130.668
# case-copy S32 case=basal-lower milliseconds=1.675
# S32 synthetic case=basal-lower (fresh copy)
PASS S32
# story-time S32 milliseconds=1548.780
# case-copy S33 case=basal-lower milliseconds=1.710
# S33 synthetic case=basal-lower (fresh copy)
PASS S33
# story-time S33 milliseconds=1253.101
# case-copy S34 case=basal-lower milliseconds=1.961
# S34 synthetic case=basal-lower (fresh copy)
PASS S34
# story-time S34 milliseconds=1339.369
# case-copy S35 case=basal-lower milliseconds=2.061
# S35 synthetic case=basal-lower (fresh copy)
PASS S35
# story-time S35 milliseconds=1454.206
# case-copy S36 case=c3-trial milliseconds=3.087
# S36 synthetic case=c3-trial (fresh copy)
PASS S36
# story-time S36 milliseconds=5834.143
# case-copy S37 case=basal-lower milliseconds=1.563
# S37 synthetic case=basal-lower (fresh copy)
PASS S37
# story-time S37 milliseconds=912.968
# case-copy S37b case=basal-lower milliseconds=1.205
# S37b synthetic case=basal-lower (fresh copy)
PASS S37b
# story-time S37b milliseconds=1126.946
# case-copy S38 case=basal-lower milliseconds=1.446
# S38 synthetic case=basal-lower (fresh copy)
PASS S38
# story-time S38 milliseconds=829.349
# case-copy S39 case=basal-lower milliseconds=1.807
# S39 synthetic case=basal-lower (fresh copy)
PASS S39
# story-time S39 milliseconds=920.162
# case-copy S40 case=basal-lower milliseconds=1.624
# S40 synthetic case=basal-lower (fresh copy)
PASS S40
# story-time S40 milliseconds=1025.813
# case-copy S41 case=basal-lower milliseconds=1.268
# S41 synthetic case=basal-lower (fresh copy)
PASS S41
# story-time S41 milliseconds=1015.522
# case-copy S42 case=basal-lower milliseconds=1.136
# S42 synthetic case=basal-lower (fresh copy)
PASS S42
# story-time S42 milliseconds=2359.696
# case-copy S43 case=basal-lower milliseconds=1.234
# S43 synthetic case=basal-lower (fresh copy)
PASS S43
# story-time S43 milliseconds=1534.141
# case-copy S44 case=basal-lower milliseconds=1.867
# S44 synthetic case=basal-lower (fresh copy)
PASS S44
# story-time S44 milliseconds=1444.214
# case-copy S45 case=c3-trial milliseconds=3.670
# S45 synthetic case=c3-trial (fresh copy)
PASS S45
# story-time S45 milliseconds=5427.228
# case-copy S45b case=c3-trial milliseconds=2.018
# S45b synthetic case=c3-trial (fresh copy)
PASS S45b
# story-time S45b milliseconds=6358.085
# case-copy S46 case=c3-trial milliseconds=2.572
# S46 synthetic case=c3-trial (fresh copy)
PASS S46
# story-time S46 milliseconds=5412.344
# case-copy S47 case=c3-trial milliseconds=2.494
# S47 synthetic case=c3-trial (fresh copy)
PASS S47
# story-time S47 milliseconds=5477.421
# case-copy S48 case=c3-trial milliseconds=2.333
# S48 synthetic case=c3-trial (fresh copy)
PASS S48
# story-time S48 milliseconds=5497.102
# case-copy S49 case=c3-trial milliseconds=2.379
# S49 synthetic case=c3-trial (fresh copy)
# case-copy S49 case=c4-missing milliseconds=439.897
# S49 proved synthetic variant=c4-missing
PASS S49
# story-time S49 milliseconds=10833.420
# case-copy S50 case=c3-trial milliseconds=1.422
# S50 synthetic case=c3-trial (fresh copy)
PASS S50
# story-time S50 milliseconds=5402.101
# case-copy S51 case=c3-trial milliseconds=2.443
# S51 synthetic case=c3-trial (fresh copy)
PASS S51
# story-time S51 milliseconds=5393.514
# case-copy S52 case=c3-trial milliseconds=1.854
# S52 synthetic case=c3-trial (fresh copy)
PASS S52
# story-time S52 milliseconds=6263.316
# case-copy S54 case=c3-history milliseconds=506.788
# S54 synthetic case=c3-history (fresh copy)
PASS S54
# story-time S54 milliseconds=5087.842
# case-copy S54b case=c3-history milliseconds=1.748
# S54b synthetic case=c3-history (fresh copy)
PASS S54b
# story-time S54b milliseconds=5862.802
# case-copy S55 case=c3-trial milliseconds=0.901
# S55 synthetic case=c3-trial (fresh copy)
PASS S55
# story-time S55 milliseconds=5420.656
# case-copy S56 case=c3-pin milliseconds=249.967
# S56 synthetic case=c3-pin (fresh copy)
PASS S56
# story-time S56 milliseconds=4838.459
# case-copy S56b case=c3-pin milliseconds=1.396
# S56b synthetic case=c3-pin (fresh copy)
PASS S56b
# story-time S56b milliseconds=3620.559
# case-copy S57 case=c3-focus milliseconds=225.348
# S57 synthetic case=c3-focus (fresh copy)
PASS S57
# story-time S57 milliseconds=1789.018
# case-copy S58 case=c3-preempted milliseconds=489.989
# S58 synthetic case=c3-preempted (fresh copy)
PASS S58
# story-time S58 milliseconds=5159.570
# case-copy S59 case=c3-focus milliseconds=1.435
# S59 synthetic case=c3-focus (fresh copy)
PASS S59
# story-time S59 milliseconds=1157.188
# case-copy S60 case=showcase milliseconds=3.842
# S60 synthetic case=showcase (fresh copy)
PASS S60
# story-time S60 milliseconds=7194.479
# case-copy S61 case=showcase milliseconds=1.461
# S61 synthetic case=showcase (fresh copy)
PASS S61
# story-time S61 milliseconds=8359.581
# case-copy S62 case=showcase milliseconds=2.289
# S62 synthetic case=showcase (fresh copy)
PASS S62
# story-time S62 milliseconds=8626.622
# case-copy S63 case=showcase milliseconds=1.214
# S63 synthetic case=showcase (fresh copy)
PASS S63
# story-time S63 milliseconds=7330.563
# case-copy S64 case=showcase milliseconds=2.066
# S64 synthetic case=showcase (fresh copy)
PASS S64
# story-time S64 milliseconds=7412.653
# case-copy S65 case=showcase milliseconds=1.539
# S65 synthetic case=showcase (fresh copy)
PASS S65
# story-time S65 milliseconds=7409.199
# case-copy S66 case=showcase milliseconds=1.956
# S66 synthetic case=showcase (fresh copy)
PASS S66
# story-time S66 milliseconds=9172.557
# case-copy S67 case=showcase milliseconds=1.592
# S67 synthetic case=showcase (fresh copy)
PASS S67
# story-time S67 milliseconds=7578.275
# case-copy S68 case=showcase milliseconds=2.593
# S68 synthetic case=showcase (fresh copy)
PASS S68
# story-time S68 milliseconds=6352.807
# case-copy S69 case=showcase milliseconds=2.574
# S69 synthetic case=showcase (fresh copy)
PASS S69
# story-time S69 milliseconds=6023.184
# case-copy S70 case=showcase milliseconds=0.999
# S70 synthetic case=showcase (fresh copy)
PASS S70
# story-time S70 milliseconds=6767.002
# case-copy S71 case=showcase milliseconds=1.930
# S71 synthetic case=showcase (fresh copy)
PASS S71
# story-time S71 milliseconds=6776.508
# case-copy S72 case=showcase milliseconds=2.447
# S72 synthetic case=showcase (fresh copy)
PASS S72
# story-time S72 milliseconds=6453.261
# case-copy S72b case=showcase milliseconds=1.891
# S72b synthetic case=showcase (fresh copy)
PASS S72b
# story-time S72b milliseconds=6719.983
# case-copy S73 case=showcase milliseconds=2.504
# S73 synthetic case=showcase (fresh copy)
PASS S73
# story-time S73 milliseconds=6250.082
# case-copy S74 case=showcase milliseconds=2.651
# S74 synthetic case=showcase (fresh copy)
PASS S74
# story-time S74 milliseconds=6102.543
# case-copy S75 case=showcase milliseconds=2.532
# S75 synthetic case=showcase (fresh copy)
PASS S75
# story-time S75 milliseconds=6168.928
# case-copy S75b case=showcase milliseconds=1.837
# S75b synthetic case=showcase (fresh copy)
PASS S75b
# story-time S75b milliseconds=11981.983
# case-copy S73c case=showcase milliseconds=2.512
# S73c synthetic case=showcase (fresh copy)
PASS S73c
# story-time S73c milliseconds=7230.939
# case-copy S76 case=showcase milliseconds=1.061
# S76 synthetic case=showcase (fresh copy)
PASS S76
# story-time S76 milliseconds=8000.482
# case-copy S77 case=basal-lower milliseconds=2.436
# S77 synthetic case=basal-lower (fresh copy)
PASS S77
# story-time S77 milliseconds=921.734
# case-copy S78 case=basal-lower milliseconds=1.815
# S78 synthetic case=basal-lower (fresh copy)
PASS S78
# story-time S78 milliseconds=920.904
# case-copy S79 case=basal-lower milliseconds=1.523
# S79 synthetic case=basal-lower (fresh copy)
PASS S79
# story-time S79 milliseconds=829.998
# case-copy S80 case=showcase milliseconds=2.542
# S80 synthetic case=showcase (fresh copy)
PASS S80
# story-time S80 milliseconds=6441.594
# case-copy S81 case=basal-lower milliseconds=0.963
# S81 synthetic case=basal-lower (fresh copy)
PASS S81
# story-time S81 milliseconds=1617.611
# case-copy S82 case=showcase milliseconds=1.856
# S82 synthetic case=showcase (fresh copy)
PASS S82
# story-time S82 milliseconds=6891.891
# case-copy S83 case=showcase milliseconds=3.158
# S83 synthetic case=showcase (fresh copy)
PASS S83
# story-time S83 milliseconds=10030.009
# case-copy S84 case=showcase milliseconds=2.637
# S84 synthetic case=showcase (fresh copy)
PASS S84
# story-time S84 milliseconds=6496.315
# case-copy S85 case=showcase milliseconds=1.197
# S85 synthetic case=showcase (fresh copy)
PASS S85
# story-time S85 milliseconds=6010.537
# case-copy S86 case=showcase milliseconds=1.596
# S86 synthetic case=showcase (fresh copy)
PASS S86
# story-time S86 milliseconds=5990.537
# case-copy S87 case=showcase milliseconds=1.488
# S87 synthetic case=showcase (fresh copy)
PASS S87
# story-time S87 milliseconds=14568.714
# case-copy S88 case=basal-lower milliseconds=6.512
# S88 synthetic case=basal-lower (fresh copy)
PASS S88
# story-time S88 milliseconds=1381.334
# case-copy S89 case=basal-lower milliseconds=1.589
# S89 synthetic case=basal-lower (fresh copy)
PASS S89
# story-time S89 milliseconds=1621.411
# case-copy S90 case=basal-lower milliseconds=1.134
# S90 synthetic case=basal-lower (fresh copy)
PASS S90
# story-time S90 milliseconds=811.090
# case-copy S91 case=c3-trial milliseconds=3.159
# S91 synthetic case=c3-trial (fresh copy)
# case-copy S91 case=c4-ic milliseconds=402.377
# S91 proved synthetic variant=c4-ic
# case-copy S91 case=c4-isf milliseconds=644.493
# S91 proved synthetic variant=c4-isf
# case-copy S91 case=c4-profile milliseconds=12908.617
# S91 proved synthetic variant=c4-profile
PASS S91
# story-time S91 milliseconds=43103.384
# case-copy S92 case=c3-trial milliseconds=0.902
# S92 synthetic case=c3-trial (fresh copy)
PASS S92
# story-time S92 milliseconds=6675.257
# case-copy S93 case=c3-focus milliseconds=2.875
# S93 synthetic case=c3-focus (fresh copy)
PASS S93
# story-time S93 milliseconds=1150.579
# case-copy S94 case=c3-trial milliseconds=1.689
# S94 synthetic case=c3-trial (fresh copy)
PASS S94
# story-time S94 milliseconds=6379.158
# case-copy S95 case=c3-preempted milliseconds=3.097
# S95 synthetic case=c3-preempted (fresh copy)
PASS S95
# story-time S95 milliseconds=5253.140
# case-copy S96 case=c3-history milliseconds=3.913
# S96 synthetic case=c3-history (fresh copy)
PASS S96
# story-time S96 milliseconds=6345.059
# case-copy S97 case=basal-lower milliseconds=1.278
# S97 synthetic case=basal-lower (fresh copy)
PASS S97
# story-time S97 milliseconds=1528.086
# case-copy S98 case=ic-lower milliseconds=191.614
# S98 synthetic case=ic-lower (fresh copy)
PASS S98
# story-time S98 milliseconds=1397.838
# case-copy S99 case=basal-insufficient-seven-night milliseconds=185.032
# S99 synthetic case=basal-insufficient-seven-night (fresh copy)
PASS S99
# story-time S99 milliseconds=1090.409
# case-copy S100 case=showcase milliseconds=3.361
# S100 synthetic case=showcase (fresh copy)
UNRETIRED S8 — sanction: live-judging ruling · 2026-08-28 · "The visible comparison chart keeps its keyboard cursor; it is the reader's keyboard route into comparison evidence."
PASS S100
# story-time S100 milliseconds=6578.965
# case-copy S101 case=showcase milliseconds=2.074
# S101 synthetic case=showcase (fresh copy)
PASS S101
# story-time S101 milliseconds=9475.430
# case-copy S102 case=pattern-near-tie milliseconds=2.902
# S102 synthetic case=pattern-near-tie (fresh copy)
PASS S102
# story-time S102 milliseconds=4153.708
# case-copy S103 case=showcase milliseconds=3.330
# S103 synthetic case=showcase (fresh copy)
PASS S103
# story-time S103 milliseconds=12931.002
# case-copy S104 case=showcase milliseconds=4.345
# S104 synthetic case=showcase (fresh copy)
PASS S104
# story-time S104 milliseconds=9969.412
# case-copy S105 case=c3-trial milliseconds=2.848
# S105 synthetic case=c3-trial (fresh copy)
PASS S105
# story-time S105 milliseconds=10731.564
# case-copy S106 case=pattern-near-tie milliseconds=2.879
# S106 synthetic case=pattern-near-tie (fresh copy)
PASS S106
# story-time S106 milliseconds=4258.874
# case-copy S107 case=showcase milliseconds=2.660
# S107 synthetic case=showcase (fresh copy)
FAIL S107 — S107 premise: the long meal chart supplies comparison cohort rows
# story-time S107 milliseconds=9747.706
# case-copy S80b case=basal-no-change milliseconds=2.211
# S80b synthetic case=basal-no-change (fresh copy)
PASS S80b
# story-time S80b milliseconds=701.362
# case-copy S73b case=showcase milliseconds=1.761
# S73b synthetic case=showcase (fresh copy)
PASS S73b
# story-time S73b milliseconds=6182.056
# case-copy S53 case=c3-trial milliseconds=1.552
# S53 synthetic case=c3-trial (fresh copy)
PASS S53
# story-time S53 milliseconds=6441.522
# case-copy R1 case=showcase milliseconds=2.500
# R1 synthetic case=showcase (fresh copy)
RETIRED R1 — Connor Griffin · 2026-09-01 · "light theme retired by operator decision."
PASS R1
# story-time R1 milliseconds=5898.044
# case-copy R2 case=showcase milliseconds=1.694
# R2 synthetic case=showcase (fresh copy)
RETIRED R2 — Connor Griffin · 2026-08-18 · "the dead occurrenceModal hash machinery goes with them."
PASS R2
# story-time R2 milliseconds=6995.343
# case-copy R3 case=showcase milliseconds=2.177
# R3 synthetic case=showcase (fresh copy)
RETIRED R3 — Connor Griffin · 2026-08-25 · "it just keeps my selector. The selection is a slicing method that lets me then dig into findings. Those findings will show up as dots on the chart anyway that I can then trace into."
AMENDED R3 premise — ADR 397 · Connor Griffin · 2026-09-08; coordinator amendment 4 transcribed 2026-09-10: drill the shipped Finding row; cohorts remain served member groups.
PASS R3
# story-time R3 milliseconds=7295.913
# case-copy R4 case=showcase milliseconds=1.160
# R4 synthetic case=showcase (fresh copy)
RETIRED R4 — Connor Griffin · 2026-08-19 · "Occurrence selection should not change the window. The window is a filter view in order to get to selectable occurrences. Having selectable occurrences then retrace the window would be tautological."
PASS R4
# story-time R4 milliseconds=7256.651
# case-copy R5 case=basal-lower milliseconds=2.632
# R5 synthetic case=basal-lower (fresh copy)
RETIRED R5 — Connor Griffin · 2026-08-23 · "the roster is drawn vertically; one key model per list."
PASS R5
# story-time R5 milliseconds=1229.531
# case-copy R6 case=showcase milliseconds=2.556
# R6 synthetic case=showcase (fresh copy)
RETIRED R6 — Connor Griffin · 2026-08-23 · "#55 removed installSegKeys; the shipped Align control is two ordinary Tab stops"
PASS R6
# story-time R6 milliseconds=6428.464
# case-copy R7 case=showcase milliseconds=1.107
# R7 synthetic case=showcase (fresh copy)
RETIRED R7 — Connor Griffin · 2026-08-27 · "these dots mean nothing, just take them off the glucose chart. User can get to them from the findings panel."
PASS R7
# story-time R7 milliseconds=6905.071
# case-copy R8 case=behavioral-carb-undercount milliseconds=3.604
# R8 synthetic case=behavioral-carb-undercount (fresh copy)
RETIRED R8 — Connor Griffin · 2026-08-27 · "Please also remove meal markers from the glucose chart."
PASS R8
# story-time R8 milliseconds=3031.747
# case-copy R9 case=showcase milliseconds=2.363
# R9 synthetic case=showcase (fresh copy)
RETIRED R9 — Connor Griffin · 2026-08-19 · "I don't find the content of the drill-down view particularly useful. So, I think we could just simply have the if there's a current specific detail that needs to show, I think it should just mutate the standing screen."
PASS R9
# story-time R9 milliseconds=6794.012
# case-copy R10 case=ic-lower milliseconds=2.551
# R10 synthetic case=ic-lower (fresh copy)
RETIRED R10 — Connor Griffin · 2026-08-19 · "Decided by Connor Griffin in a ruling session on 2026-08-19."
PASS R10
# story-time R10 milliseconds=928.452
# case-copy R11 case=showcase milliseconds=1.669
# R11 synthetic case=showcase (fresh copy)
RETIRED R11 — Connor Griffin · 2026-08-19 · "Decided by Connor Griffin in a ruling session on 2026-08-19."
PASS R11
# story-time R11 milliseconds=6900.906
# case-copy R12 case=showcase milliseconds=2.087
# R12 synthetic case=showcase (fresh copy)
RETIRED R12 — Connor Griffin · 2026-08-19 · "Decided by Connor Griffin in a ruling session on 2026-08-19."
PASS R12
# story-time R12 milliseconds=8360.518
# case-copy R13 case=showcase milliseconds=1.676
# R13 synthetic case=showcase (fresh copy)
RETIRED R13 — Connor Griffin · 2026-08-25 · "Rewrite or retire every replay story and browser-test contract that still drives the retired 'Event charts' root filter and the global 'By event' control."
PASS R13
# story-time R13 milliseconds=6854.698
# case-copy R14 case=showcase milliseconds=2.809
# R14 synthetic case=showcase (fresh copy)
RETIRED R14 — ADR 215 amendment · 2026-08-26 · "A pin orders the dock; it is not membership of a position."
PASS R14
# story-time R14 milliseconds=5977.699
# case-copy R15 case=showcase milliseconds=1.472
# R15 synthetic case=showcase (fresh copy)
RETIRED R15 — ADR 215 amendment · 2026-08-26 · "The dock is the whole ordered set, spotlight included."
AMENDED R15 premise — ADR 397 · Connor Griffin · 2026-09-08; transcribed 2026-09-10: Diagnose preserves Findings, Spotlight and All Charts.
PASS R15
# story-time R15 milliseconds=6668.911
# case-copy R16 case=showcase milliseconds=6.587
# R16 synthetic case=showcase (fresh copy)
RETIRED R16 — Connor Griffin · 2026-08-26 · "The ring and the raised rail mark the drilled tile. The chip was noise."
PASS R16
# story-time R16 milliseconds=6003.809
# case-copy R17 case=c3-trial milliseconds=2.793
# R17 synthetic case=c3-trial (fresh copy)
RETIRED R17 — ADR 340 · Connor Griffin · 2026-09-04 · "Sure." (after the proposal stated that Keep saved nothing and Revert-to-Plan should remain)
AMENDED R17 premise — ADR 397 · Connor Griffin · 2026-09-08; coordinator amendment 4 transcribed 2026-09-10: a served finishable Trial replaces the prototype ready scenario.
PASS R17
# story-time R17 milliseconds=6483.688
# case-copy R18 case=c4-history milliseconds=219.101
# R18 synthetic case=c4-history (fresh copy)
RETIRED R18 — Connor Griffin · 2026-09-08 · "We dont' need historical reads in the app."
PASS R18
# story-time R18 milliseconds=1730.256

# executed 136 · failed 1 · deferred 0 · selected 137 · chromium launches 1
