(node:26899) [MODULE_TYPELESS_PACKAGE_JSON] Warning: Module type of file:///Users/connor/worktrees/harmonic/404/frontend/browser-fixture-population.js is not specified and it doesn't parse as CommonJS.
Reparsing as ES module because module syntax was detected. This incurs a performance overhead.
To eliminate this warning, add "type": "module" to /Users/connor/worktrees/harmonic/404/package.json.
(Use `node --trace-warnings ...` to show where the warning was created)
# harmonic-v2-desktop behaviour replay — TARGET=app viewport=1280x720 fonts=behaviour
# FROZEN ledger: mockups/harmonic-v2-desktop.behavior.md
# case-copy S1 case=showcase milliseconds=189.752
# S1 synthetic case=showcase (fresh copy)
PASS S1
# story-time S1 milliseconds=6143.870
# case-copy S2 case=showcase milliseconds=1.133
# S2 synthetic case=showcase (fresh copy)
PASS S2
# story-time S2 milliseconds=8091.930
# case-copy S3 case=showcase milliseconds=1.309
# S3 synthetic case=showcase (fresh copy)
PASS S3
# story-time S3 milliseconds=7134.997
# case-copy S4 case=showcase milliseconds=1.206
# S4 synthetic case=showcase (fresh copy)
PASS S4
# story-time S4 milliseconds=7266.634
# case-copy S5 case=showcase milliseconds=1.374
# S5 synthetic case=showcase (fresh copy)
PASS S5
# story-time S5 milliseconds=5880.655
# case-copy S6 case=showcase milliseconds=1.815
# S6 synthetic case=showcase (fresh copy)
PASS S6
# story-time S6 milliseconds=5852.796
# case-copy S7 case=c3-trial milliseconds=366.213
# S7 synthetic case=c3-trial (fresh copy)
PASS S7
# story-time S7 milliseconds=6062.287
# case-copy S7b case=basal-no-change milliseconds=205.305
# S7b synthetic case=basal-no-change (fresh copy)
PASS S7b
# story-time S7b milliseconds=1021.987
# case-copy S8 case=showcase milliseconds=3.803
# S8 synthetic case=showcase (fresh copy)
PASS S8
# story-time S8 milliseconds=5799.580
# case-copy S9 case=basal-lower milliseconds=176.583
# S9 synthetic case=basal-lower (fresh copy)
PASS S9
# story-time S9 milliseconds=977.018
# case-copy S10 case=showcase milliseconds=1.733
# S10 synthetic case=showcase (fresh copy)
PASS S10
# story-time S10 milliseconds=5685.772
# case-copy S10b case=showcase milliseconds=1.239
# S10b synthetic case=showcase (fresh copy)
PASS S10b
# story-time S10b milliseconds=6308.512
# case-copy S11 case=showcase milliseconds=1.525
# S11 synthetic case=showcase (fresh copy)
PASS S11
# story-time S11 milliseconds=8411.079
# case-copy S12 case=showcase milliseconds=1.513
# S12 synthetic case=showcase (fresh copy)
PASS S12
# story-time S12 milliseconds=6532.668
# case-copy S13 case=showcase milliseconds=2.110
# S13 synthetic case=showcase (fresh copy)
# case-copy source-meals case=behavioral-carb-undercount milliseconds=228.962
# source=meals synthetic case=behavioral-carb-undercount
# case-copy source-setting case=basal-lower milliseconds=2.720
# source=setting synthetic case=basal-lower
# case-copy source-focus case=pattern-near-tie milliseconds=253.115
# source=focus synthetic case=pattern-near-tie
# case-copy source-journey case=showcase milliseconds=3.265
# source=journey synthetic case=showcase
PASS S13
# story-time S13 milliseconds=18301.293
# case-copy S14 case=basal-lower milliseconds=2.246
# S14 synthetic case=basal-lower (fresh copy)
PASS S14
# story-time S14 milliseconds=809.285
# case-copy S15 case=basal-lower milliseconds=1.239
# S15 synthetic case=basal-lower (fresh copy)
PASS S15
# story-time S15 milliseconds=1016.667
# case-copy S16 case=basal-lower milliseconds=5.146
# S16 synthetic case=basal-lower (fresh copy)
PASS S16
# story-time S16 milliseconds=1023.906
# case-copy S17 case=basal-lower milliseconds=2.534
# S17 synthetic case=basal-lower (fresh copy)
PASS S17
# story-time S17 milliseconds=923.555
# case-copy S18 case=basal-no-change milliseconds=2.027
# S18 synthetic case=basal-no-change (fresh copy)
PASS S18
# story-time S18 milliseconds=711.917
# case-copy S19 case=showcase milliseconds=2.295
# S19 synthetic case=showcase (fresh copy)
PASS S19
# story-time S19 milliseconds=6156.441
# case-copy S20 case=showcase milliseconds=1.124
# S20 synthetic case=showcase (fresh copy)
PASS S20
# story-time S20 milliseconds=7072.828
# case-copy S20b case=showcase milliseconds=1.584
# S20b synthetic case=showcase (fresh copy)
PASS S20b
# story-time S20b milliseconds=7645.774
# case-copy S21 case=showcase milliseconds=1.175
# S21 synthetic case=showcase (fresh copy)
PASS S21
# story-time S21 milliseconds=6788.585
# case-copy S22 case=showcase milliseconds=1.664
# S22 synthetic case=showcase (fresh copy)
PASS S22
# story-time S22 milliseconds=6827.660
# case-copy S23 case=showcase milliseconds=2.361
# S23 synthetic case=showcase (fresh copy)
PASS S23
# story-time S23 milliseconds=6768.616
# case-copy S24 case=showcase milliseconds=2.196
# S24 synthetic case=showcase (fresh copy)
PASS S24
# story-time S24 milliseconds=6516.467
# case-copy S25 case=showcase milliseconds=1.301
# S25 synthetic case=showcase (fresh copy)
PASS S25
# story-time S25 milliseconds=6951.142
# case-copy S26 case=showcase milliseconds=2.441
# S26 synthetic case=showcase (fresh copy)
PASS S26
# story-time S26 milliseconds=8708.933
# case-copy S27 case=showcase milliseconds=1.443
# S27 synthetic case=showcase (fresh copy)
PASS S27
# story-time S27 milliseconds=6615.622
# case-copy S28 case=showcase milliseconds=2.155
# S28 synthetic case=showcase (fresh copy)
PASS S28
# story-time S28 milliseconds=10090.343
# case-copy S29 case=showcase milliseconds=1.659
# S29 synthetic case=showcase (fresh copy)
PASS S29
# story-time S29 milliseconds=7327.172
# case-copy S30 case=showcase milliseconds=1.397
# S30 synthetic case=showcase (fresh copy)
PASS S30
# story-time S30 milliseconds=6592.182
# case-copy S31 case=basal-lower milliseconds=2.156
# S31 synthetic case=basal-lower (fresh copy)
PASS S31
# story-time S31 milliseconds=1108.334
# case-copy S32 case=basal-lower milliseconds=1.545
# S32 synthetic case=basal-lower (fresh copy)
PASS S32
# story-time S32 milliseconds=1338.561
# case-copy S33 case=basal-lower milliseconds=1.351
# S33 synthetic case=basal-lower (fresh copy)
PASS S33
# story-time S33 milliseconds=1232.138
# case-copy S34 case=basal-lower milliseconds=1.165
# S34 synthetic case=basal-lower (fresh copy)
PASS S34
# story-time S34 milliseconds=1330.734
# case-copy S35 case=basal-lower milliseconds=1.738
# S35 synthetic case=basal-lower (fresh copy)
PASS S35
# story-time S35 milliseconds=1546.058
# case-copy S36 case=c3-trial milliseconds=3.296
# S36 synthetic case=c3-trial (fresh copy)
PASS S36
# story-time S36 milliseconds=5714.886
# case-copy S37 case=basal-lower milliseconds=0.731
# S37 synthetic case=basal-lower (fresh copy)
PASS S37
# story-time S37 milliseconds=1012.967
# case-copy S37b case=basal-lower milliseconds=1.505
# S37b synthetic case=basal-lower (fresh copy)
PASS S37b
# story-time S37b milliseconds=1042.297
# case-copy S38 case=basal-lower milliseconds=2.503
# S38 synthetic case=basal-lower (fresh copy)
PASS S38
# story-time S38 milliseconds=824.895
# case-copy S39 case=basal-lower milliseconds=1.683
# S39 synthetic case=basal-lower (fresh copy)
PASS S39
# story-time S39 milliseconds=917.898
# case-copy S40 case=basal-lower milliseconds=1.370
# S40 synthetic case=basal-lower (fresh copy)
PASS S40
# story-time S40 milliseconds=1130.058
# case-copy S41 case=basal-lower milliseconds=1.573
# S41 synthetic case=basal-lower (fresh copy)
PASS S41
# story-time S41 milliseconds=1034.980
# case-copy S42 case=basal-lower milliseconds=1.295
# S42 synthetic case=basal-lower (fresh copy)
PASS S42
# story-time S42 milliseconds=2450.528
# case-copy S43 case=basal-lower milliseconds=1.168
# S43 synthetic case=basal-lower (fresh copy)
PASS S43
# story-time S43 milliseconds=1835.798
# case-copy S44 case=basal-lower milliseconds=1.589
# S44 synthetic case=basal-lower (fresh copy)
PASS S44
# story-time S44 milliseconds=1554.982
# case-copy S45 case=c3-trial milliseconds=1.701
# S45 synthetic case=c3-trial (fresh copy)
PASS S45
# story-time S45 milliseconds=5368.486
# case-copy S45b case=c3-trial milliseconds=1.901
# S45b synthetic case=c3-trial (fresh copy)
PASS S45b
# story-time S45b milliseconds=6334.368
# case-copy S46 case=c3-trial milliseconds=2.187
# S46 synthetic case=c3-trial (fresh copy)
PASS S46
# story-time S46 milliseconds=5359.085
# case-copy S47 case=c3-trial milliseconds=2.060
# S47 synthetic case=c3-trial (fresh copy)
PASS S47
# story-time S47 milliseconds=5562.667
# case-copy S48 case=c3-trial milliseconds=2.091
# S48 synthetic case=c3-trial (fresh copy)
PASS S48
# story-time S48 milliseconds=5486.197
# case-copy S49 case=c3-trial milliseconds=1.387
# S49 synthetic case=c3-trial (fresh copy)
# case-copy S49 case=c4-missing milliseconds=435.192
# S49 proved synthetic variant=c4-missing
PASS S49
# story-time S49 milliseconds=10864.356
# case-copy S50 case=c3-trial milliseconds=2.743
# S50 synthetic case=c3-trial (fresh copy)
PASS S50
# story-time S50 milliseconds=5464.535
# case-copy S51 case=c3-trial milliseconds=2.323
# S51 synthetic case=c3-trial (fresh copy)
PASS S51
# story-time S51 milliseconds=5439.168
# case-copy S52 case=c3-trial milliseconds=1.931
# S52 synthetic case=c3-trial (fresh copy)
PASS S52
# story-time S52 milliseconds=6298.102
# case-copy S54 case=c3-history milliseconds=504.167
# S54 synthetic case=c3-history (fresh copy)
PASS S54
# story-time S54 milliseconds=5152.643
# case-copy S54b case=c3-history milliseconds=1.542
# S54b synthetic case=c3-history (fresh copy)
PASS S54b
# story-time S54b milliseconds=5963.894
# case-copy S55 case=c3-trial milliseconds=2.225
# S55 synthetic case=c3-trial (fresh copy)
PASS S55
# story-time S55 milliseconds=5383.711
# case-copy S56 case=c3-pin milliseconds=251.967
# S56 synthetic case=c3-pin (fresh copy)
PASS S56
# story-time S56 milliseconds=4870.690
# case-copy S56b case=c3-pin milliseconds=1.377
# S56b synthetic case=c3-pin (fresh copy)
PASS S56b
# story-time S56b milliseconds=3635.365
# case-copy S57 case=c3-focus milliseconds=230.357
# S57 synthetic case=c3-focus (fresh copy)
PASS S57
# story-time S57 milliseconds=1787.522
# case-copy S58 case=c3-preempted milliseconds=485.607
# S58 synthetic case=c3-preempted (fresh copy)
PASS S58
# story-time S58 milliseconds=5142.252
# case-copy S59 case=c3-focus milliseconds=1.428
# S59 synthetic case=c3-focus (fresh copy)
PASS S59
# story-time S59 milliseconds=1141.894
# case-copy S60 case=showcase milliseconds=3.358
# S60 synthetic case=showcase (fresh copy)
PASS S60
# story-time S60 milliseconds=7362.395
# case-copy S61 case=showcase milliseconds=2.243
# S61 synthetic case=showcase (fresh copy)
PASS S61
# story-time S61 milliseconds=8472.505
# case-copy S62 case=showcase milliseconds=2.976
# S62 synthetic case=showcase (fresh copy)
PASS S62
# story-time S62 milliseconds=8621.678
# case-copy S63 case=showcase milliseconds=1.711
# S63 synthetic case=showcase (fresh copy)
PASS S63
# story-time S63 milliseconds=7450.512
# case-copy S64 case=showcase milliseconds=2.121
# S64 synthetic case=showcase (fresh copy)
PASS S64
# story-time S64 milliseconds=7419.780
# case-copy S65 case=showcase milliseconds=1.613
# S65 synthetic case=showcase (fresh copy)
PASS S65
# story-time S65 milliseconds=7452.318
# case-copy S66 case=showcase milliseconds=1.934
# S66 synthetic case=showcase (fresh copy)
PASS S66
# story-time S66 milliseconds=8648.971
# case-copy S67 case=showcase milliseconds=2.285
# S67 synthetic case=showcase (fresh copy)
PASS S67
# story-time S67 milliseconds=7522.468
# case-copy S68 case=showcase milliseconds=2.101
# S68 synthetic case=showcase (fresh copy)
PASS S68
# story-time S68 milliseconds=6500.108
# case-copy S69 case=showcase milliseconds=2.431
# S69 synthetic case=showcase (fresh copy)
PASS S69
# story-time S69 milliseconds=6217.622
# case-copy S70 case=showcase milliseconds=2.223
# S70 synthetic case=showcase (fresh copy)
PASS S70
# story-time S70 milliseconds=6886.709
# case-copy S71 case=showcase milliseconds=1.923
# S71 synthetic case=showcase (fresh copy)
PASS S71
# story-time S71 milliseconds=6819.856
# case-copy S72 case=showcase milliseconds=2.780
# S72 synthetic case=showcase (fresh copy)
PASS S72
# story-time S72 milliseconds=6539.426
# case-copy S72b case=showcase milliseconds=2.341
# S72b synthetic case=showcase (fresh copy)
PASS S72b
# story-time S72b milliseconds=6778.266
# case-copy S73 case=showcase milliseconds=2.144
# S73 synthetic case=showcase (fresh copy)
PASS S73
# story-time S73 milliseconds=6387.356
# case-copy S74 case=showcase milliseconds=2.864
# S74 synthetic case=showcase (fresh copy)
PASS S74
# story-time S74 milliseconds=6243.429
# case-copy S75 case=showcase milliseconds=2.345
# S75 synthetic case=showcase (fresh copy)
PASS S75
# story-time S75 milliseconds=6151.103
# case-copy S75b case=showcase milliseconds=1.931
# S75b synthetic case=showcase (fresh copy)
PASS S75b
# story-time S75b milliseconds=11795.559
# case-copy S73c case=showcase milliseconds=3.128
# S73c synthetic case=showcase (fresh copy)
PASS S73c
# story-time S73c milliseconds=7430.200
# case-copy S76 case=showcase milliseconds=1.603
# S76 synthetic case=showcase (fresh copy)
PASS S76
# story-time S76 milliseconds=8006.218
# case-copy S77 case=basal-lower milliseconds=2.658
# S77 synthetic case=basal-lower (fresh copy)
PASS S77
# story-time S77 milliseconds=916.196
# case-copy S78 case=basal-lower milliseconds=1.681
# S78 synthetic case=basal-lower (fresh copy)
PASS S78
# story-time S78 milliseconds=927.876
# case-copy S79 case=basal-lower milliseconds=1.522
# S79 synthetic case=basal-lower (fresh copy)
PASS S79
# story-time S79 milliseconds=841.279
# case-copy S80 case=showcase milliseconds=2.104
# S80 synthetic case=showcase (fresh copy)
PASS S80
# story-time S80 milliseconds=6514.767
# case-copy S81 case=basal-lower milliseconds=1.552
# S81 synthetic case=basal-lower (fresh copy)
PASS S81
# story-time S81 milliseconds=1630.349
# case-copy S82 case=showcase milliseconds=2.312
# S82 synthetic case=showcase (fresh copy)
PASS S82
# story-time S82 milliseconds=6961.675
# case-copy S83 case=showcase milliseconds=2.212
# S83 synthetic case=showcase (fresh copy)
PASS S83
# story-time S83 milliseconds=10244.233
# case-copy S84 case=showcase milliseconds=1.703
# S84 synthetic case=showcase (fresh copy)
PASS S84
# story-time S84 milliseconds=6539.736
# case-copy S85 case=showcase milliseconds=1.292
# S85 synthetic case=showcase (fresh copy)
PASS S85
# story-time S85 milliseconds=5998.331
# case-copy S86 case=showcase milliseconds=1.275
# S86 synthetic case=showcase (fresh copy)
PASS S86
# story-time S86 milliseconds=5927.694
# case-copy S87 case=showcase milliseconds=1.231
# S87 synthetic case=showcase (fresh copy)
PASS S87
# story-time S87 milliseconds=14762.828
# case-copy S88 case=basal-lower milliseconds=2.894
# S88 synthetic case=basal-lower (fresh copy)
PASS S88
# story-time S88 milliseconds=1404.484
# case-copy S89 case=basal-lower milliseconds=2.527
# S89 synthetic case=basal-lower (fresh copy)
PASS S89
# story-time S89 milliseconds=1619.401
# case-copy S90 case=basal-lower milliseconds=2.501
# S90 synthetic case=basal-lower (fresh copy)
PASS S90
# story-time S90 milliseconds=915.999
# case-copy S91 case=c3-trial milliseconds=3.267
# S91 synthetic case=c3-trial (fresh copy)
# case-copy S91 case=c4-ic milliseconds=414.010
# S91 proved synthetic variant=c4-ic
# case-copy S91 case=c4-isf milliseconds=648.150
# S91 proved synthetic variant=c4-isf
# case-copy S91 case=c4-profile milliseconds=12959.599
# S91 proved synthetic variant=c4-profile
PASS S91
# story-time S91 milliseconds=43438.243
# case-copy S92 case=c3-trial milliseconds=2.457
# S92 synthetic case=c3-trial (fresh copy)
PASS S92
# story-time S92 milliseconds=6495.387
# case-copy S93 case=c3-focus milliseconds=2.892
# S93 synthetic case=c3-focus (fresh copy)
PASS S93
# story-time S93 milliseconds=1166.729
# case-copy S94 case=c3-trial milliseconds=1.792
# S94 synthetic case=c3-trial (fresh copy)
PASS S94
# story-time S94 milliseconds=6507.060
# case-copy S95 case=c3-preempted milliseconds=2.804
# S95 synthetic case=c3-preempted (fresh copy)
PASS S95
# story-time S95 milliseconds=5198.294
# case-copy S96 case=c3-history milliseconds=3.902
# S96 synthetic case=c3-history (fresh copy)
PASS S96
# story-time S96 milliseconds=6408.206
# case-copy S97 case=basal-lower milliseconds=2.699
# S97 synthetic case=basal-lower (fresh copy)
PASS S97
# story-time S97 milliseconds=1742.099
# case-copy S98 case=ic-lower milliseconds=193.251
# S98 synthetic case=ic-lower (fresh copy)
PASS S98
# story-time S98 milliseconds=1399.675
# case-copy S99 case=basal-insufficient-seven-night milliseconds=187.696
# S99 synthetic case=basal-insufficient-seven-night (fresh copy)
PASS S99
# story-time S99 milliseconds=1193.682
# case-copy S100 case=showcase milliseconds=3.877
# S100 synthetic case=showcase (fresh copy)
UNRETIRED S8 — sanction: live-judging ruling · 2026-08-28 · "The visible comparison chart keeps its keyboard cursor; it is the reader's keyboard route into comparison evidence."
PASS S100
# story-time S100 milliseconds=6587.903
# case-copy S101 case=showcase milliseconds=3.399
# S101 synthetic case=showcase (fresh copy)
PASS S101
# story-time S101 milliseconds=9479.320
# case-copy S102 case=pattern-near-tie milliseconds=2.933
# S102 synthetic case=pattern-near-tie (fresh copy)
PASS S102
# story-time S102 milliseconds=4124.262
# case-copy S103 case=showcase milliseconds=3.510
# S103 synthetic case=showcase (fresh copy)
PASS S103
# story-time S103 milliseconds=11981.245
# case-copy S104 case=showcase milliseconds=3.384
# S104 synthetic case=showcase (fresh copy)
PASS S104
# story-time S104 milliseconds=9825.177
# case-copy S105 case=c3-trial milliseconds=3.071
# S105 synthetic case=c3-trial (fresh copy)
PASS S105
# story-time S105 milliseconds=10954.332
# case-copy S106 case=pattern-near-tie milliseconds=2.652
# S106 synthetic case=pattern-near-tie (fresh copy)
PASS S106
# story-time S106 milliseconds=4493.000
# case-copy S107 case=showcase milliseconds=3.010
# S107 synthetic case=showcase (fresh copy)
PASS S107
# story-time S107 milliseconds=10386.889
# case-copy S80b case=basal-no-change milliseconds=2.052
# S80b synthetic case=basal-no-change (fresh copy)
PASS S80b
# story-time S80b milliseconds=984.563
# case-copy S73b case=showcase milliseconds=3.146
# S73b synthetic case=showcase (fresh copy)
PASS S73b
# story-time S73b milliseconds=6818.026
# case-copy S53 case=c3-trial milliseconds=2.641
# S53 synthetic case=c3-trial (fresh copy)
PASS S53
# story-time S53 milliseconds=6509.369
# case-copy R1 case=showcase milliseconds=3.014
# R1 synthetic case=showcase (fresh copy)
RETIRED R1 — Connor Griffin · 2026-09-01 · "light theme retired by operator decision."
PASS R1
# story-time R1 milliseconds=5914.367
# case-copy R2 case=showcase milliseconds=1.277
# R2 synthetic case=showcase (fresh copy)
RETIRED R2 — Connor Griffin · 2026-08-18 · "the dead occurrenceModal hash machinery goes with them."
PASS R2
# story-time R2 milliseconds=7003.196
# case-copy R3 case=showcase milliseconds=2.364
# R3 synthetic case=showcase (fresh copy)
RETIRED R3 — Connor Griffin · 2026-08-25 · "it just keeps my selector. The selection is a slicing method that lets me then dig into findings. Those findings will show up as dots on the chart anyway that I can then trace into."
AMENDED R3 premise — ADR 397 · Connor Griffin · 2026-09-08; coordinator amendment 4 transcribed 2026-09-10: drill the shipped Finding row; cohorts remain served member groups.
PASS R3
# story-time R3 milliseconds=7388.562
# case-copy R4 case=showcase milliseconds=1.353
# R4 synthetic case=showcase (fresh copy)
RETIRED R4 — Connor Griffin · 2026-08-19 · "Occurrence selection should not change the window. The window is a filter view in order to get to selectable occurrences. Having selectable occurrences then retrace the window would be tautological."
PASS R4
# story-time R4 milliseconds=7161.717
# case-copy R5 case=basal-lower milliseconds=2.554
# R5 synthetic case=basal-lower (fresh copy)
RETIRED R5 — Connor Griffin · 2026-08-23 · "the roster is drawn vertically; one key model per list."
PASS R5
# story-time R5 milliseconds=1238.478
# case-copy R6 case=showcase milliseconds=2.349
# R6 synthetic case=showcase (fresh copy)
RETIRED R6 — Connor Griffin · 2026-08-23 · "#55 removed installSegKeys; the shipped Align control is two ordinary Tab stops"
PASS R6
# story-time R6 milliseconds=6569.442
# case-copy R7 case=showcase milliseconds=1.374
# R7 synthetic case=showcase (fresh copy)
RETIRED R7 — Connor Griffin · 2026-08-27 · "these dots mean nothing, just take them off the glucose chart. User can get to them from the findings panel."
PASS R7
# story-time R7 milliseconds=7091.885
# case-copy R8 case=behavioral-carb-undercount milliseconds=3.656
# R8 synthetic case=behavioral-carb-undercount (fresh copy)
RETIRED R8 — Connor Griffin · 2026-08-27 · "Please also remove meal markers from the glucose chart."
PASS R8
# story-time R8 milliseconds=3137.935
# case-copy R9 case=showcase milliseconds=1.625
# R9 synthetic case=showcase (fresh copy)
RETIRED R9 — Connor Griffin · 2026-08-19 · "I don't find the content of the drill-down view particularly useful. So, I think we could just simply have the if there's a current specific detail that needs to show, I think it should just mutate the standing screen."
PASS R9
# story-time R9 milliseconds=7024.225
# case-copy R10 case=ic-lower milliseconds=2.292
# R10 synthetic case=ic-lower (fresh copy)
RETIRED R10 — Connor Griffin · 2026-08-19 · "Decided by Connor Griffin in a ruling session on 2026-08-19."
PASS R10
# story-time R10 milliseconds=1025.739
# case-copy R11 case=showcase milliseconds=2.471
# R11 synthetic case=showcase (fresh copy)
RETIRED R11 — Connor Griffin · 2026-08-19 · "Decided by Connor Griffin in a ruling session on 2026-08-19."
PASS R11
# story-time R11 milliseconds=7003.520
# case-copy R12 case=showcase milliseconds=2.366
# R12 synthetic case=showcase (fresh copy)
RETIRED R12 — Connor Griffin · 2026-08-19 · "Decided by Connor Griffin in a ruling session on 2026-08-19."
PASS R12
# story-time R12 milliseconds=8373.171
# case-copy R13 case=showcase milliseconds=1.791
# R13 synthetic case=showcase (fresh copy)
RETIRED R13 — Connor Griffin · 2026-08-25 · "Rewrite or retire every replay story and browser-test contract that still drives the retired 'Event charts' root filter and the global 'By event' control."
PASS R13
# story-time R13 milliseconds=7096.417
# case-copy R14 case=showcase milliseconds=2.526
# R14 synthetic case=showcase (fresh copy)
RETIRED R14 — ADR 215 amendment · 2026-08-26 · "A pin orders the dock; it is not membership of a position."
PASS R14
# story-time R14 milliseconds=5952.692
# case-copy R15 case=showcase milliseconds=1.284
# R15 synthetic case=showcase (fresh copy)
RETIRED R15 — ADR 215 amendment · 2026-08-26 · "The dock is the whole ordered set, spotlight included."
AMENDED R15 premise — ADR 397 · Connor Griffin · 2026-09-08; transcribed 2026-09-10: Diagnose preserves Findings, Spotlight and All Charts.
PASS R15
# story-time R15 milliseconds=6495.960
# case-copy R16 case=showcase milliseconds=1.182
# R16 synthetic case=showcase (fresh copy)
RETIRED R16 — Connor Griffin · 2026-08-26 · "The ring and the raised rail mark the drilled tile. The chip was noise."
PASS R16
# story-time R16 milliseconds=6162.849
# case-copy R17 case=c3-trial milliseconds=2.146
# R17 synthetic case=c3-trial (fresh copy)
RETIRED R17 — ADR 340 · Connor Griffin · 2026-09-04 · "Sure." (after the proposal stated that Keep saved nothing and Revert-to-Plan should remain)
AMENDED R17 premise — ADR 397 · Connor Griffin · 2026-09-08; coordinator amendment 4 transcribed 2026-09-10: a served finishable Trial replaces the prototype ready scenario.
PASS R17
# story-time R17 milliseconds=6605.169
# case-copy R18 case=c4-history milliseconds=217.664
# R18 synthetic case=c4-history (fresh copy)
RETIRED R18 — Connor Griffin · 2026-09-08 · "We dont' need historical reads in the app."
PASS R18
# story-time R18 milliseconds=1731.790

# executed 137 · failed 0 · deferred 0 · selected 137 · chromium launches 1
