(node:94621) [MODULE_TYPELESS_PACKAGE_JSON] Warning: Module type of file:///Users/connor/worktrees/harmonic/404/frontend/eating-sequence-fixture.js is not specified and it doesn't parse as CommonJS.
Reparsing as ES module because module syntax was detected. This incurs a performance overhead.
To eliminate this warning, add "type": "module" to /Users/connor/worktrees/harmonic/404/package.json.
(Use `node --trace-warnings ...` to show where the warning was created)
✔ a past-setting read the server publishes is absent from the rendered app (1908.244041ms)
✔ an explicit fixture opener ignores a hostile ambient app-source override (1619.708167ms)
✔ #135 · Escape dismisses fullscreen and restores the exact canvas arrangement (2149.05375ms)
✔ #341 · All charts confines interaction and dismissal preserves the window context (1898.978416ms)
✔ #341 · the overview keeps its full name at the split tablet width (1622.341125ms)
✔ #359 · findings-queue rows own their own surface at every tablet width (9908.043ms)
✔ #341 · narrow spotlight, catalog, fullscreen, tiers, and controls remain usable (5425.635084ms)
✔ #341 · phone Diagnose is one complete vertical reading flow (3866.159041ms)
✔ #341 · touch phone flow keeps selection, windowing, overlays, return, and Watching usable (7790.24575ms)
✔ #341 · a long narrow Spotlight title leaves a readable I:C plot (1944.87525ms)
✔ #341 · a rendered queue preview meets the existing width floor (1617.576083ms)
✔ #341 · useful queue previews remain present and legible at narrow width (1958.347958ms)
✔ #341 · expanding Watching renders its available ISF preview (1721.850083ms)
✔ #341 · All charts dismissal preserves a genuinely scrolled phone reading position (2696.901375ms)
✔ #341 · narrow Spotlight content clears the overview header content (3579.056375ms)
✔ #341 · a narrow lower-rank drill returns with rank one readable (1768.698208ms)
✔ #341 · a chart picked from All charts can expand independently (2010.27925ms)
✔ #365 · one-chart fullscreen lands focus on the chart and returns it to the opener (5139.29275ms)
✔ #232 · every registered chart family stays inside one fullscreen frame (24802.505208ms)
✔ #96 · global Align is permanently absent and alignment belongs to each tile — RETIRED — Connor Griffin · 2026-08-23 · "#55 removed installSegKeys; the shipped Align control is two ordinary Tab stops" (2175.403208ms)
✔ #100 · Enter on a finding row focuses the opened detail container (1685.113625ms)
✔ #100 · the Findings crumb restores focus to the drilled finding row (1742.973333ms)
✔ #100 · Backspace restores focus to the drilled Finding row (1747.237792ms)
✔ #100 · an asynchronous repaint does not move focus without navigation (3929.793917ms)
✔ #81 · pending and superseded projections replace the whole inspector (10254.916208ms)
✔ #81 · a failed replacement projection stays failed until the window changes (3937.163833ms)
✔ #81 · a settled slice renders only its server-published findings (2957.363167ms)
✔ #86 issue-scoped probe · header and Filter ownership (1737.472917ms)
✔ #86 issue-scoped probe · Sift intersection (2322.325542ms)
✔ #86 issue-scoped probe · direct event-chart seating and root restoration (2899.477167ms)
✔ #86 issue-scoped probe · malformed event evidence recovery (2700.405875ms)
✔ #86 issue-scoped probe · pending root projection (1787.445166ms)
✔ Diagnose scopes the readable user-claim palette (1622.749209ms)
✔ populated Diagnose renders readable ink and chart marks (1625.667209ms)
✔ the populated 2084×742 glucose canvas keeps its composited window treatment and passive basal states legible (1915.798042ms)
✔ All charts and its Close control clear the text contrast floor (1859.460167ms)
✔ Diagnose keeps the Dark material roles ordered and target bounds as rails (1762.988417ms)
✔ All charts catalog vessels retain the Dark retheme edge (2047.734041ms)
✔ locked panel geometry holds at both required viewports (3236.070417ms)
✔ #130 · a wrapped draw leaves two endpoint edges without adding basal selection paint (3767.489875ms)
✔ #404 · a pinned Finding refreshes during its held brace drag without losing the endpoint (3490.599208ms)
✔ the Filter menu renders each server-published Sift count (2197.129583ms)
✔ #83 · Filter is a roving ARIA menu and Escape wins over the drawn window (1979.06925ms)
✔ #83 · the retired Event charts root filter and global canvas stay absent (2235.914166ms)
✔ #83 · Filter and every menu item stay reachable at 390×844 (1723.519708ms)
✔ deselecting a Sift item leaves only rows matching the remaining choices (2619.830416ms)
✔ #363 · every findings-queue row is exposed as the control it is (2252.541834ms)
✔ the Watching group collapses during a sift and expands again (3030.893625ms)
✔ an all-hidden sift names the empty result while retaining the held group (2577.433125ms)
✔ the ISF row visibly declares its whole-day scope (1742.923333ms)
✔ a held I:C finding enters through the findings queue with no stage button (2337.488708ms)
✔ an insufficient basal slot case file names nights of steady data (2197.626334ms)
✔ ISF is not stageable without an exact true backend verdict (2213.018167ms)
✔ a rounded false ISF verdict keeps evidence and empty Recommended geometry at every review render (4377.759666ms)
✔ a recommendation-bearing legacy ISF row with a missing verdict fails closed without losing its direction (2202.995458ms)
✔ an exact true capped ISF verdict stages one unchanged value per generated pump segment (2356.989708ms)
✔ a merged basal finding stages every member the projection published (#372) (3457.646416ms)
✔ the dock prints no rate pair when staged members disagree on one (#372) (2880.849333ms)
✔ setError tears down a live render and replaces the mount with a plain failure message (572.538167ms)
✔ a rejected first-load fetch shows the failure message, not an uncaught error (500.732583ms)
✔ a rejected API token names the token and offers Settings, not the backend string (857.306416ms)
✔ a non-401 failure keeps the server message as detail and offers Retry through the app callback (425.185792ms)
✔ frontend contains no client-side verdict threshold or direction comparison (17.845ms)
✔ a lane slot renders a selected night trace over its envelope (2129.714625ms)
✔ an in-place basal lane swap clears the selected night trace and detail (2116.124167ms)
✔ a lane slot without a published basal tile fetches and renders its own night roster (2178.538ms)
✔ a findings-row basal slot clears its selected night trace (2329.6385ms)
RETIRED — sanction: ConnorGriffin · 2026-08-23 · "Retired and incomplete evidence stops competing with the findings you can act on."
✔ #63 · the unexplained-highs sentence is retired from the findings queue (1660.970083ms)
ℹ tests 68
ℹ suites 0
ℹ pass 68
ℹ fail 0
ℹ cancelled 0
ℹ skipped 0
ℹ todo 0
ℹ duration_ms 200052.369667
